07-12 10:59:46.054 26122 26122 D ConnectivityManager: StackLog: [android.net.ConnectivityManager.sendRequestForNetwork(ConnectivityManager.java:4740)] [android.net.ConnectivityManager.sendRequestForNetwork(ConnectivityManager.java:4908)] [android.net.ConnectivityManager.registerNetworkCallback(ConnectivityManager.java:5325)] [WV.mm1.e(chromium-SystemWebViewGoogle6432.aab-beta-792200613:86)] [WV.mm1.a(chromium-SystemWebViewGoogle6432.aab-beta-792200613:1)] [org.chromium.android_webview.AwContentsLifecycleNotifier.onFirstWebViewCreated(chromium-SystemWebViewGoogle6432.aab-beta-792200613:19)] [J.N.JJ(Native Method)] [org.chromium.android_webview.AwContents.<init>(chromium-SystemWebViewGoogle6432.aab-beta-792200613:616)] [com.android.webview.chromium.i.run(chromium-SystemWebViewGoogle6432.aab-beta-792200613:298)] [WV.p23.b(chromium-SystemWebViewGoogle6432.aab-beta-792200613:14)] [WV.o23.run(chromium-SystemWebViewGoogle6432.aab-beta-792200613:3)] [org.chromium.base.task.PostTask.d(chromium-SystemWebViewGoogle6432.aab-beta-792200613:18)] [WV.p23.a(chromium-SystemWebViewGoogle6432.aab-beta-792200613:18)] [com.android.webview.chromium.WebViewChromiumFactoryProvider.a(chromium-SystemWebViewGoogle6432.aab-beta-792200613:3)] [com.android.webview.chromium.WebViewChromium.init(chromium-SystemWebViewGoogle6432.aab-beta-792200613:149)] [android.webkit.WebView.<init>(WebView.java:447)] [android.webkit.WebView.<init>(WebView.java:367)] [android.webkit.WebView.<init>(WebView.java:349)] [android.webkit.WebView.<init>(WebView.java:336)] [android.webkit.WebView.<init>(WebView.java:326)] [com.aniplex.app.presentation.screens.player.PlayerScreenKt.PlayerScreen(PlayerScreen.kt:410)] [com.aniplex.app.NavigationKt$MobileMainNavigation$4$10.invoke(Navigation.kt:228)] [com.aniplex.app.NavigationKt$MobileMainNavigation$4$10.invoke(Navigation.kt:227)] [androidx.compose.runtime.internal.ComposableLambdaImpl.invoke(ComposableLambda.kt:131)] [androidx.compose.runtime.internal.ComposableLambdaImpl.invoke(ComposableLambda.kt:52)] [androidx.navigation3.runtime.NavEntry.Content(NavEntry.kt:65)] [androidx.navigation3.runtime.SaveableStateHolderNavEntryDecorator._init_$lambda$1$0(SaveableStateHolderNavEntryDecorator.kt:57)] [androidx.navigation3.runtime.SaveableStateHolderNavEntryDecorator.$r8$lambda$5AEs6Y8xjT-m9rz_14ajr7_PkrE(Unknown Source:0)] [androidx.navigation3.runtime.SaveableStateHolderNavEntryDecorator$$ExternalSyntheticLambda2.invoke(D8$$SyntheticClass:0)] [androidx.compose.runtime.internal.ComposableLambdaImpl.invoke(ComposableLambda.kt:122)] [androidx.compose.runtime.internal.ComposableLambdaImpl.invoke(ComposableLambda.kt:52)] [androidx.compose.runtime.CompositionLocalKt.CompositionLocalProvider(CompositionLocal.kt:378)] [androidx.compose.runtime.saveable.SaveableStateHolderImpl.SaveableStateProvider(SaveableStateHolder.kt:82)] [androidx.navigation3.runtime.SaveableStateHolderNavEntryDecorator._init_$lambda$1(SaveableStateHolderNavEntryDecorator.kt:57)] [androidx.navigation3.runtime.SaveableStateHolderNavEntryDecorator.$r8$lambda$t4eKAgy2A-Z1Twj-AWPTEIV4lzM(Unknown Source:0)] [androidx.navigation3.runtime.SaveableStateHolderNavEntryDecorator$$ExternalSyntheticLambda1.invoke(D8$$SyntheticClass:0)] [androidx.compose.runtime.internal.ComposableLambdaImpl.invoke(ComposableLambda.kt:131)] [androidx.compose.runtime.internal.ComposableLambdaImpl.invoke(ComposableLambda.kt:52)] [androidx.navigation3.runtime.DecoratedNavEntriesKt.decorateEntry$lambda$1$1$0(DecoratedNavEntries.kt:227)] [androidx.navigation3.runtime.DecoratedNavEntriesKt.$r8$lambda$Xq5HM5jYZbE9jtCj-H7XFYyibQo(Unknown Source:0)] [androidx.navigation3.runtime.DecoratedNavEntriesKt$$ExternalSyntheticLambda4.invoke(D8$$SyntheticClass:0)] [androidx.compose.runtime.internal.ComposableLambdaImpl.invoke(ComposableLambda.kt:131)] [androidx.compose.runtime.internal.ComposableLambdaImpl.invoke(ComposableLambda.kt:52)] [androidx.navigation3.runtime.NavEntry.Content(NavEntry.kt:65)] [androidx.navigation3.runtime.DecoratedNavEntriesKt.decorateEntry$lambda$1(DecoratedNavEntries.kt:229)] [androidx.navigation3
07-12 10:59:46.056  1849  2300 D WifiNetworkFactory: got request NetworkRequest [ REQUEST id=38141, [ Capabilities: INTERNET&NOT_RESTRICTED&TRUSTED&NOT_VCN_MANAGED&NOT_BANDWIDTH_CONSTRAINED Uid: 10415 RequestorUid: 10415 RequestorPkg: com.example.aniplex UnderlyingNetworks: Null] ]
07-12 10:59:46.056  1849  2300 D UntrustedWifiNetworkFactory: got request NetworkRequest [ REQUEST id=38141, [ Capabilities: INTERNET&NOT_RESTRICTED&TRUSTED&NOT_VCN_MANAGED&NOT_BANDWIDTH_CONSTRAINED Uid: 10415 RequestorUid: 10415 RequestorPkg: com.example.aniplex UnderlyingNetworks: Null] ]
07-12 10:59:46.057  1849  2300 D OemPaidWifiNetworkFactory: got request NetworkRequest [ REQUEST id=38141, [ Capabilities: INTERNET&NOT_RESTRICTED&TRUSTED&NOT_VCN_MANAGED&NOT_BANDWIDTH_CONSTRAINED Uid: 10415 RequestorUid: 10415 RequestorPkg: com.example.aniplex UnderlyingNetworks: Null] ]
07-12 10:59:46.057  1849  2300 D MultiInternetWifiNetworkFactory: got request NetworkRequest [ REQUEST id=38141, [ Capabilities: INTERNET&NOT_RESTRICTED&TRUSTED&NOT_VCN_MANAGED&NOT_BANDWIDTH_CONSTRAINED Uid: 10415 RequestorUid: 10415 RequestorPkg: com.example.aniplex UnderlyingNetworks: Null] ]
07-12 10:59:46.258  1849  2446 D NetdEventListenerService: DNS Requested by 109, 10415(com.example.aniplex), SUCCESS, 2ms
07-12 10:59:46.372  1350  1350 I BufferQueueProducer: [com.example.aniplex/com.aniplex.app.MainActivity$_26122#25411](this:0xb400007c79b3c218,id:-1,api:0,p:-1,c:1350) com.example.aniplex/com.aniplex.app.MainActivity$_26122#25411 queueBuffer: fps=58.76 dur=1004.04 max=32.01 min=15.40
07-12 10:59:47.377  1350  1350 I BufferQueueProducer: [com.example.aniplex/com.aniplex.app.MainActivity$_26122#25411](this:0xb400007c79b3c218,id:-1,api:0,p:-1,c:1350) com.example.aniplex/com.aniplex.app.MainActivity$_26122#25411 queueBuffer: fps=59.69 dur=1005.17 max=31.94 min=14.94
07-12 10:59:48.385  1849  1987 I MediaFocusControl: requestAudioFocus() from uid/pid 10415/26122 AA=USAGE_MEDIA/CONTENT_TYPE_MOVIE clientId=android.media.AudioManager@3d5ba9fandroidx.media3.exoplayer.AudioFocusManager$AudioFocusListener@80a65da callingPack=com.example.aniplex req=1 flags=0x0 sdk=36
07-12 10:59:48.398  1350  1350 I BufferQueueProducer: [com.example.aniplex/com.aniplex.app.MainActivity$_26122#25411](this:0xb400007c79b3c218,id:-1,api:0,p:-1,c:1350) com.example.aniplex/com.aniplex.app.MainActivity$_26122#25411 queueBuffer: fps=56.81 dur=1020.96 max=95.94 min=15.61
07-12 10:59:48.399  1350  1759 I SurfaceFlinger: id=25471 createSurf, flag=84004, 26da4e5 SurfaceView[com.example.aniplex/com.aniplex.app.MainActivity]@0#25471
07-12 10:59:48.400  1350  1759 I SurfaceFlinger: id=25472 createSurf, flag=44400, 26da4e5 SurfaceView[com.example.aniplex/com.aniplex.app.MainActivity]@0(BLAST)#25472
07-12 10:59:48.401  1350  3288 I SurfaceFlinger: id=25473 createSurf, flag=20404, Background for 26da4e5 SurfaceView[com.example.aniplex/com.aniplex.app.MainActivity]@0#25473
07-12 10:59:48.403 26122 26122 D BLASTBufferQueue: [26da4e5 SurfaceView[com.example.aniplex/com.aniplex.app.MainActivity]@0#8](f:0,a:0) constructor()
07-12 10:59:48.403 26122 26122 I BLASTBufferQueue_Java: new BLASTBufferQueue, mName= 26da4e5 SurfaceView[com.example.aniplex/com.aniplex.app.MainActivity]@0 mNativeObject= 0xb4000077423be400 caller= android.view.SurfaceView.createBlastSurfaceControls:1781 android.view.SurfaceView.updateSurface:1450 android.view.SurfaceView.lambda$new$0:280 android.view.SurfaceView.$r8$lambda$NfZyM_TG8F8lqzaOVZ7noREFjzU:0 android.view.SurfaceView$$ExternalSyntheticLambda1.onPreDraw:0 android.view.ViewTreeObserver.dispatchOnPreDraw:1229 android.view.ViewRootImpl.performTraversals:5448 android.view.ViewRootImpl.doTraversal:3924 android.view.ViewRootImpl$TraversalRunnable.run:12903 android.view.Choreographer$CallbackRecord.run:1901 
07-12 10:59:48.404 26122 26122 I BLASTBufferQueue_Java: update, w= 720 h= 405 mName = 26da4e5 SurfaceView[com.example.aniplex/com.aniplex.app.MainActivity]@0 mNativeObject= 0xb4000077423be400 sc.mNativeObject= 0xb400007445be7840 format= 4 caller= android.view.SurfaceView.createBlastSurfaceControls:1782 android.view.SurfaceView.updateSurface:1450 android.view.SurfaceView.lambda$new$0:280 android.view.SurfaceView.$r8$lambda$NfZyM_TG8F8lqzaOVZ7noREFjzU:0 android.view.SurfaceView$$ExternalSyntheticLambda1.onPreDraw:0 android.view.ViewTreeObserver.dispatchOnPreDraw:1229 
07-12 10:59:48.406 26122 26122 D BLASTBufferQueue: [26da4e5 SurfaceView[com.example.aniplex/com.aniplex.app.MainActivity]@0#8](f:0,a:0) update width=720 height=405 format=4 mTransformHint=0
07-12 10:59:48.413  1849  2446 D NetdEventListenerService: DNS Requested by 109, 10415(com.example.aniplex), SUCCESS, 6ms
07-12 10:59:48.414  1350  1350 I SurfaceFlinger: [26da4e5 SurfaceView[com.example.aniplex/com.aniplex.app.MainActivity]@0#25471] attach to parent LayerHierarchy{RequestedLayerState{Bounds for - com.example.aniplex/com.aniplex.app.MainActivity@0#25428 parentId=25411} 1 children}
07-12 10:59:48.414  1350  1350 I SurfaceFlinger: [26da4e5 SurfaceView[com.example.aniplex/com.aniplex.app.MainActivity]@0(BLAST)#25472] attach to parent LayerHierarchy{RequestedLayerState{26da4e5 SurfaceView[com.example.aniplex/com.aniplex.app.MainActivity]@0#25471 parentId=25428} 1 children}
07-12 10:59:48.414  1350  1350 I SurfaceFlinger: [Background for 26da4e5 SurfaceView[com.example.aniplex/com.aniplex.app.MainActivity]@0#25473] attach to parent LayerHierarchy{RequestedLayerState{26da4e5 SurfaceView[com.example.aniplex/com.aniplex.app.MainActivity]@0#25471 parentId=25428} 2 children}
07-12 10:59:48.445  1350  1350 I SurfaceFlinger: RequestedLayer [26da4e5 SurfaceView[com.example.aniplex/com.aniplex.app.MainActivity]@0#25471] hidden!! flag  from(1) --> to(0)
07-12 10:59:48.446  1350  1350 I SurfaceFlinger: [LayerHierarchy{RequestedLayerState{26da4e5 SurfaceView[com.example.aniplex/com.aniplex.app.MainActivity]@0#25471 parentId=25428 relativeParentId=25411 z=-2} 2 children}] RelativeParent to LayerHierarchy{RequestedLayerState{com.example.aniplex/com.aniplex.app.MainActivity$_26122#25411 parentId=25410} 2 children}
07-12 10:59:48.446  1350  1350 I SurfaceFlinger: [LayerHierarchy{RequestedLayerState{Background for 26da4e5 SurfaceView[com.example.aniplex/com.aniplex.app.MainActivity]@0#25473 parentId=25471 relativeParentId=25411 z=-2147483648} no children}] RelativeParent to LayerHierarchy{RequestedLayerState{com.example.aniplex/com.aniplex.app.MainActivity$_26122#25411 parentId=25410} 3 children}
07-12 10:59:48.453  1350  1350 D SurfaceFlinger:        DEVICE |          112193135706113 | 00002100 | RGBA_8888    |    0.0    0.0  720.0 1600.0 |    0    0  720 1600 | com.example.aniplex/com.aniplex.app.MainActivity$_26122#25411 (4167)
07-12 10:59:48.496 26122 26122 I Kumiho-Kumiho: getPackageName: com.example.aniplex
07-12 10:59:48.499 26122 26122 I Kumiho-Kumiho: getPackageName: com.example.aniplex
07-12 10:59:48.613  1849  3218 I MediaFocusControl: requestAudioFocus() from uid/pid 10415/26122 AA=USAGE_MEDIA/CONTENT_TYPE_UNKNOWN clientId=android.media.AudioManager@3d5ba9forg.chromium.content.browser.AudioFocusDelegate@2c9865 callingPack=com.example.aniplex req=3 flags=0x1 sdk=36
07-12 10:59:48.709  3028  3734 D SoundCraft.PlayingAudioConditionHandler: onPlaybackConfigChanged : lastStartedPackageName=null, lastStartedUid=-1, newStartedUid=10415, newStartPackageName=com.example.aniplex, thread=Thread[RoutineHandlerThread,5,main]
07-12 10:59:48.709  3028  3734 D SoundCraft.PlayingAudioConditionHandler: onPlaybackConfigChanged : lastStartedPackageName=com.example.aniplex, lastStartedUid=10415, newStartedUid=10415, newStartPackageName=com.example.aniplex, thread=Thread[RoutineHandlerThread,5,main]
07-12 10:59:48.709  1849  1987 I MediaFocusControl: abandonAudioFocus() from uid/pid 10415/26122 clientId=android.media.AudioManager@3d5ba9forg.chromium.content.browser.AudioFocusDelegate@2c9865 callingPack=com.example.aniplex
07-12 10:59:49.276  1849  2446 D NetdEventListenerService: DNS Requested by 109, 10415(com.example.aniplex), SUCCESS, 193ms
07-12 10:59:49.403  1350  1350 I BufferQueueProducer: [com.example.aniplex/com.aniplex.app.MainActivity$_26122#25411](this:0xb400007c79b3c218,id:-1,api:0,p:-1,c:1350) com.example.aniplex/com.aniplex.app.MainActivity$_26122#25411 queueBuffer: fps=60.70 dur=1004.94 max=49.46 min=14.27
07-12 10:59:49.487  3028  3734 D SoundCraft.PlayingAudioConditionHandler: onPlaybackConfigChanged : lastStartedPackageName=com.example.aniplex, lastStartedUid=10415, newStartedUid=10415, newStartPackageName=com.example.aniplex, thread=Thread[RoutineHandlerThread,5,main]
07-12 10:59:49.489  3028  3734 D SoundCraft.PlayingAudioConditionHandler: onPlaybackConfigChanged : lastStartedPackageName=com.example.aniplex, lastStartedUid=10415, newStartedUid=10415, newStartPackageName=com.example.aniplex, thread=Thread[RoutineHandlerThread,5,main]
07-12 10:59:49.494  3028  3734 D SoundCraft.PlayingAudioConditionHandler: onPlaybackConfigChanged : lastStartedPackageName=com.example.aniplex, lastStartedUid=10415, newStartedUid=10415, newStartPackageName=com.example.aniplex, thread=Thread[RoutineHandlerThread,5,main]
07-12 10:59:49.704  1849  1987 I WindowManager: Relayout Window{3750bb u0 com.example.aniplex/com.aniplex.app.MainActivity}: viewVisibility=0 req=720x1600 ty=1 d0
07-12 10:59:49.709  1849  1987 D PowerManagerService: [api] acquire WakeLock SCREEN_BRIGHT_WAKE_LOCK           'WindowManager/displayId:0' ON_AFTER_RELEASE (uid=1000 pid=1849 ws=WorkSource{10415 com.example.aniplex} displayId=0 lock=c1cc8fc)
07-12 10:59:49.738  1350  1350 I SurfaceFlinger: [Webview Overlay SurfaceControl#25474] attach to parent LayerHierarchy{RequestedLayerState{com.example.aniplex/com.aniplex.app.MainActivity$_26122#25411 parentId=25410} 4 children}
07-12 10:59:49.771  1350  1350 D SurfaceFlinger:        DEVICE |          112193135706115 | 00002100 | RGBA_8888    |    0.0    0.0  720.0 1600.0 |    0    0  720 1600 | com.example.aniplex/com.aniplex.app.MainActivity$_26122#25411 (4249)
07-12 10:59:49.842  1849  2446 D NetdEventListenerService: DNS Requested by 109, 10415(com.example.aniplex), SUCCESS, 2ms
07-12 10:59:49.948  1849  2446 D NetdEventListenerService: DNS Requested by 109, 10415(com.example.aniplex), SUCCESS, 0ms
07-12 10:59:50.389  1849  2446 D NetdEventListenerService: DNS Requested by 109, 10415(com.example.aniplex), SUCCESS, 1ms
07-12 10:59:50.409  1350  1350 I BufferQueueProducer: [com.example.aniplex/com.aniplex.app.MainActivity$_26122#25411](this:0xb400007c79b3c218,id:-1,api:0,p:-1,c:1350) com.example.aniplex/com.aniplex.app.MainActivity$_26122#25411 queueBuffer: fps=40.74 dur=1006.29 max=48.87 min=14.21
07-12 10:59:50.700  1849  3214 I MediaFocusControl: requestAudioFocus() from uid/pid 10415/26122 AA=USAGE_MEDIA/CONTENT_TYPE_UNKNOWN clientId=android.media.AudioManager@3d5ba9forg.chromium.content.browser.AudioFocusDelegate@2c9865 callingPack=com.example.aniplex req=1 flags=0x1 sdk=36
07-12 10:59:50.710  1849  3214 I MediaFocusControl: abandonAudioFocus() from uid/pid 10415/26122 clientId=android.media.AudioManager@3d5ba9fandroidx.media3.exoplayer.AudioFocusManager$AudioFocusListener@80a65da callingPack=com.example.aniplex
07-12 10:59:51.414  1350  1350 I BufferQueueProducer: [com.example.aniplex/com.aniplex.app.MainActivity$_26122#25411](this:0xb400007c79b3c218,id:-1,api:0,p:-1,c:1350) com.example.aniplex/com.aniplex.app.MainActivity$_26122#25411 queueBuffer: fps=20.90 dur=1004.90 max=48.61 min=47.06
07-12 10:59:51.615 26122 29729 D BLASTBufferQueue: [26da4e5 SurfaceView[com.example.aniplex/com.aniplex.app.MainActivity]@0#8](f:0,a:1) acquireNextBufferLocked size=720x405 mFrameNumber=1 applyTransaction=true mTimestamp=182204544858937 mPendingTransactions.size=0 graphicBufferId=112193135707121 transform=0
07-12 10:59:51.667  1350  1350 D SurfaceFlinger:        CLIENT |          112193135706114 | 00002100 | RGBA_8888    |    0.0    0.0  720.0 1600.0 |    0    0  720 1600 | com.example.aniplex/com.aniplex.app.MainActivity$_26122#25411 (4294)
07-12 10:59:52.610  1350  1350 I BufferQueueProducer: [com.example.aniplex/com.aniplex.app.MainActivity$_26122#25411](this:0xb400007c79b3c218,id:-1,api:0,p:-1,c:1350) com.example.aniplex/com.aniplex.app.MainActivity$_26122#25411 queueBuffer: fps=9.20 dur=1195.87 max=670.00 min=47.23
07-12 10:59:53.903  1350  1350 I BufferQueueProducer: [com.example.aniplex/com.aniplex.app.MainActivity$_26122#25411](this:0xb400007c79b3c218,id:-1,api:0,p:-1,c:1350) com.example.aniplex/com.aniplex.app.MainActivity$_26122#25411 queueBuffer: fps=6.96 dur=1293.55 max=766.87 min=47.05
07-12 10:59:54.923  1350  1350 I BufferQueueProducer: [com.example.aniplex/com.aniplex.app.MainActivity$_26122#25411](this:0xb400007c79b3c218,id:-1,api:0,p:-1,c:1350) com.example.aniplex/com.aniplex.app.MainActivity$_26122#25411 queueBuffer: fps=1.96 dur=1019.27 max=989.30 min=29.97
07-12 10:59:55.928  1350  1350 I BufferQueueProducer: [com.example.aniplex/com.aniplex.app.MainActivity$_26122#25411](this:0xb400007c79b3c218,id:-1,api:0,p:-1,c:1350) com.example.aniplex/com.aniplex.app.MainActivity$_26122#25411 queueBuffer: fps=1.99 dur=1005.74 max=957.50 min=48.25
07-12 10:59:56.933  1350  1350 I BufferQueueProducer: [com.example.aniplex/com.aniplex.app.MainActivity$_26122#25411](this:0xb400007c79b3c218,id:-1,api:0,p:-1,c:1350) com.example.aniplex/com.aniplex.app.MainActivity$_26122#25411 queueBuffer: fps=1.99 dur=1004.76 max=956.45 min=48.30
07-12 10:59:57.939  1350  1350 I BufferQueueProducer: [com.example.aniplex/com.aniplex.app.MainActivity$_26122#25411](this:0xb400007c79b3c218,id:-1,api:0,p:-1,c:1350) com.example.aniplex/com.aniplex.app.MainActivity$_26122#25411 queueBuffer: fps=1.99 dur=1005.48 max=957.76 min=47.71
07-12 10:59:58.702  3028  3734 D SoundCraft.PlayingAudioConditionHandler: onPlaybackConfigChanged : lastStartedPackageName=com.example.aniplex, lastStartedUid=10415, newStartedUid=10415, newStartPackageName=com.example.aniplex, thread=Thread[RoutineHandlerThread,5,main]
07-12 10:59:58.944  1350  1350 I BufferQueueProducer: [com.example.aniplex/com.aniplex.app.MainActivity$_26122#25411](this:0xb400007c79b3c218,id:-1,api:0,p:-1,c:1350) com.example.aniplex/com.aniplex.app.MainActivity$_26122#25411 queueBuffer: fps=1.99 dur=1005.20 max=957.98 min=47.21
07-12 10:59:59.948  1350  1350 I BufferQueueProducer: [com.example.aniplex/com.aniplex.app.MainActivity$_26122#25411](this:0xb400007c79b3c218,id:-1,api:0,p:-1,c:1350) com.example.aniplex/com.aniplex.app.MainActivity$_26122#25411 queueBuffer: fps=1.99 dur=1004.13 max=956.38 min=47.75
07-12 11:00:00.953  1350  1350 I BufferQueueProducer: [com.example.aniplex/com.aniplex.app.MainActivity$_26122#25411](this:0xb400007c79b3c218,id:-1,api:0,p:-1,c:1350) com.example.aniplex/com.aniplex.app.MainActivity$_26122#25411 queueBuffer: fps=1.99 dur=1004.90 max=956.77 min=48.13
07-12 11:00:01.958  1350  1350 I BufferQueueProducer: [com.example.aniplex/com.aniplex.app.MainActivity$_26122#25411](this:0xb400007c79b3c218,id:-1,api:0,p:-1,c:1350) com.example.aniplex/com.aniplex.app.MainActivity$_26122#25411 queueBuffer: fps=1.99 dur=1005.19 max=957.69 min=47.50
07-12 11:00:02.996  1350  1350 I BufferQueueProducer: [com.example.aniplex/com.aniplex.app.MainActivity$_26122#25411](this:0xb400007c79b3c218,id:-1,api:0,p:-1,c:1350) com.example.aniplex/com.aniplex.app.MainActivity$_26122#25411 queueBuffer: fps=6.75 dur=1037.69 max=749.53 min=47.60
07-12 11:00:03.710  3028  3734 D SoundCraft.PlayingAudioConditionHandler: onPlaybackConfigChanged : lastStartedPackageName=com.example.aniplex, lastStartedUid=10415, newStartedUid=10415, newStartPackageName=com.example.aniplex, thread=Thread[RoutineHandlerThread,5,main]
07-12 11:00:04.000  1350  1350 I BufferQueueProducer: [com.example.aniplex/com.aniplex.app.MainActivity$_26122#25411](this:0xb400007c79b3c218,id:-1,api:0,p:-1,c:1350) com.example.aniplex/com.aniplex.app.MainActivity$_26122#25411 queueBuffer: fps=3.98 dur=1003.93 max=861.16 min=47.06
07-12 11:00:05.006  1350  1350 I BufferQueueProducer: [com.example.aniplex/com.aniplex.app.MainActivity$_26122#25411](this:0xb400007c79b3c218,id:-1,api:0,p:-1,c:1350) com.example.aniplex/com.aniplex.app.MainActivity$_26122#25411 queueBuffer: fps=1.99 dur=1006.00 max=956.92 min=49.08
07-12 11:00:06.010  1350  1350 I BufferQueueProducer: [com.example.aniplex/com.aniplex.app.MainActivity$_26122#25411](this:0xb400007c79b3c218,id:-1,api:0,p:-1,c:1350) com.example.aniplex/com.aniplex.app.MainActivity$_26122#25411 queueBuffer: fps=1.99 dur=1003.93 max=956.19 min=47.74
07-12 11:00:06.497  1849  2685 I MediaFocusControl: requestAudioFocus() from uid/pid 10415/26122 AA=USAGE_MEDIA/CONTENT_TYPE_MOVIE clientId=android.media.AudioManager@3d5ba9fandroidx.media3.exoplayer.AudioFocusManager$AudioFocusListener@80a65da callingPack=com.example.aniplex req=1 flags=0x0 sdk=36
07-12 11:00:06.502  3028  3734 D SoundCraft.PlayingAudioConditionHandler: onPlaybackConfigChanged : lastStartedPackageName=com.example.aniplex, lastStartedUid=10415, newStartedUid=10415, newStartPackageName=com.example.aniplex, thread=Thread[RoutineHandlerThread,5,main]
07-12 11:00:06.503  1849  3218 I MediaFocusControl: abandonAudioFocus() from uid/pid 10415/26122 clientId=android.media.AudioManager@3d5ba9forg.chromium.content.browser.AudioFocusDelegate@2c9865 callingPack=com.example.aniplex
07-12 11:00:06.507  3028  3734 D SoundCraft.PlayingAudioConditionHandler: onPlaybackConfigChanged : lastStartedPackageName=com.example.aniplex, lastStartedUid=10415, newStartedUid=10415, newStartPackageName=com.example.aniplex, thread=Thread[RoutineHandlerThread,5,main]
07-12 11:00:06.524  3028  3734 D SoundCraft.PlayingAudioConditionHandler: onPlaybackConfigChanged : lastStartedPackageName=com.example.aniplex, lastStartedUid=10415, newStartedUid=10415, newStartPackageName=com.example.aniplex, thread=Thread[RoutineHandlerThread,5,main]
07-12 11:00:06.533  1849  3218 I WindowManager: Relayout Window{3750bb u0 com.example.aniplex/com.aniplex.app.MainActivity}: viewVisibility=0 req=720x1600 ty=1 d0
07-12 11:00:06.534  1849  3218 D PowerManagerService: [api] release WakeLock SCREEN_BRIGHT_WAKE_LOCK           'WindowManager/displayId:0' ON_AFTER_RELEASE ACQ=-16s824ms (uid=1000 pid=1849 ws=WorkSource{10415 com.example.aniplex} displayId=0 lock=c1cc8fc)
07-12 11:00:06.535  1849  3218 D PowerManagerService: [api] applyWakeLockFlagsOnReleaseLocked : userActivityNoUpdateLocked is called : SCREEN_BRIGHT_WAKE_LOCK           'WindowManager/displayId:0' ON_AFTER_RELEASE DISABLED (uid=1000 pid=1849 ws=WorkSource{10415 com.example.aniplex} displayId=0 lock=c1cc8fc)
07-12 11:00:06.535  1350  1350 I BufferQueueProducer: [26da4e5 SurfaceView[com.example.aniplex/com.aniplex.app.MainActivity]@0(BLAST)#25472](this:0xb400007c7a62ca18,id:-1,api:0,p:-1,c:1350) 26da4e5 SurfaceView[com.example.aniplex/com.aniplex.app.MainActivity]@0(BLAST)#25472 queueBuffer: fps=0.07 dur=14882.17 max=14882.17 min=14882.17
07-12 11:00:07.460  1350  1350 I BufferQueueProducer: [com.example.aniplex/com.aniplex.app.MainActivity$_26122#25411](this:0xb400007c79b3c218,id:-1,api:0,p:-1,c:1350) com.example.aniplex/com.aniplex.app.MainActivity$_26122#25411 queueBuffer: fps=17.92 dur=1450.68 max=510.44 min=14.64
07-12 11:00:07.556  1350  1350 I BufferQueueProducer: [26da4e5 SurfaceView[com.example.aniplex/com.aniplex.app.MainActivity]@0(BLAST)#25472](this:0xb400007c7a62ca18,id:-1,api:0,p:-1,c:1350) 26da4e5 SurfaceView[com.example.aniplex/com.aniplex.app.MainActivity]@0(BLAST)#25472 queueBuffer: fps=23.51 dur=1020.71 max=111.72 min=31.52
07-12 11:00:08.465  1350  1350 I BufferQueueProducer: [com.example.aniplex/com.aniplex.app.MainActivity$_26122#25411](this:0xb400007c79b3c218,id:-1,api:0,p:-1,c:1350) com.example.aniplex/com.aniplex.app.MainActivity$_26122#25411 queueBuffer: fps=3.98 dur=1005.05 max=510.50 min=15.91
07-12 11:00:08.561  1350  1350 I BufferQueueProducer: [26da4e5 SurfaceView[com.example.aniplex/com.aniplex.app.MainActivity]@0(BLAST)#25472](this:0xb400007c7a62ca18,id:-1,api:0,p:-1,c:1350) 26da4e5 SurfaceView[com.example.aniplex/com.aniplex.app.MainActivity]@0(BLAST)#25472 queueBuffer: fps=24.88 dur=1004.92 max=64.40 min=31.12
07-12 11:00:08.856  1849  4924 D MediaSessionService: dispatchVolumeKeyEvent, pkg=com.example.aniplex, opPkg=com.example.aniplex, pid=26122, uid=10415, asSystem=true, event=KeyEvent { action=ACTION_DOWN, keyCode=KEYCODE_VOLUME_DOWN, scanCode=114, metaState=0, flags=0x8, repeatCount=0, eventTime=182221620286000, downTime=182221620286000, deviceId=3, source=0x101, displayId=-1 }, stream=-2147483648, musicOnly=false
07-12 11:00:08.952  1849  3218 D MediaSessionService: dispatchVolumeKeyEvent, pkg=com.example.aniplex, opPkg=com.example.aniplex, pid=26122, uid=10415, asSystem=true, event=KeyEvent { action=ACTION_UP, keyCode=KEYCODE_VOLUME_DOWN, scanCode=114, metaState=0, flags=0x8, repeatCount=0, eventTime=182221869914000, downTime=182221620286000, deviceId=3, source=0x101, displayId=-1 }, stream=-2147483648, musicOnly=false
07-12 11:00:09.032  3028  3028 I AppIconSolution: return the original icon because tray option is set to None for com.example.aniplex, isNight = true
07-12 11:00:09.036  3028  3028 D #SAT_AppVolumeController: put appStates : uid = 10415, volume = 100, outputDeviceType = 2, package Name = com.example.aniplex
07-12 11:00:09.370  3028  3734 D SoundCraft.PlayingAudioConditionHandler: onPlaybackConfigChanged : lastStartedPackageName=com.example.aniplex, lastStartedUid=10415, newStartedUid=10415, newStartPackageName=com.example.aniplex, thread=Thread[RoutineHandlerThread,5,main]
07-12 11:00:09.421  1350  1350 D SurfaceFlinger:        CLIENT |          112193135706113 | 00002100 | RGBA_8888    |    0.0    0.0  720.0 1600.0 |    0    0  720 1600 | com.example.aniplex/com.aniplex.app.MainActivity$_26122#25411 (4379)
07-12 11:00:09.470  1350  1350 I BufferQueueProducer: [com.example.aniplex/com.aniplex.app.MainActivity$_26122#25411](this:0xb400007c79b3c218,id:-1,api:0,p:-1,c:1350) com.example.aniplex/com.aniplex.app.MainActivity$_26122#25411 queueBuffer: fps=12.94 dur=1004.91 max=462.62 min=14.34
07-12 11:00:10.475  1350  1350 I BufferQueueProducer: [com.example.aniplex/com.aniplex.app.MainActivity$_26122#25411](this:0xb400007c79b3c218,id:-1,api:0,p:-1,c:1350) com.example.aniplex/com.aniplex.app.MainActivity$_26122#25411 queueBuffer: fps=9.95 dur=1005.01 max=733.80 min=15.89
07-12 11:00:11.412  1849  1874 D WindowManager: requestTransientBars: swipeTarget=Window{b4cbbcd u0 NavigationBar0}, controlTarget=Window{3750bb u0 com.example.aniplex/com.aniplex.app.MainActivity}, canShowTransient=false, restorePositionTypes=0x3, from=com.android.server.wm.DisplayPolicy$1.onSwipeFromRight:81 com.android.server.wm.SystemGesturesPointerEventListener.onPointerEvent:553 
07-12 11:00:11.484  5881  5881 I SGPController: performSwipeAction() pos=RIGHT_POSITION, handleIndex=1, type=HORIZONTAL_SWIPE, action=key_back, pkg=com.example.aniplex
07-12 11:00:11.491 26122 26122 D Activity: onKeyDown(KEYCODE_BACK), activity=com.aniplex.app.MainActivity@3cba301
07-12 11:00:11.503  1849  3886 D CoreBackPreview: Window{3750bb u0 com.example.aniplex/com.aniplex.app.MainActivity}: Setting back callback OnBackInvokedCallbackInfo{mCallback=android.window.IOnBackInvokedCallback$Stub$Proxy@e419349, mPriority=-1, mIsAnimationCallback=false, mOverrideBehavior=0}
07-12 11:00:11.510  1350  1350 D SurfaceFlinger:        CLIENT |          112193135706112 | 00002100 | RGBA_8888    |    0.0    0.0  720.0 1600.0 |    0    0  720 1600 | com.example.aniplex/com.aniplex.app.MainActivity$_26122#25411 (4396)
07-12 11:00:11.523  3028  3734 D SoundCraft.PlayingAudioConditionHandler: onPlaybackConfigChanged : lastStartedPackageName=com.example.aniplex, lastStartedUid=10415, newStartedUid=-1, newStartPackageName=null, thread=Thread[RoutineHandlerThread,5,main]
07-12 11:00:11.647 26122 26588 I Kumiho-Kumiho: getPackageName: com.example.aniplex
07-12 11:00:11.649 26122 26588 I Kumiho-Kumiho: getPackageName: com.example.aniplex
07-12 11:00:11.830  1350  1350 D SurfaceFlinger:        CLIENT |          112193135706112 | 00002100 | RGBA_8888    |    0.0    0.0  720.0 1600.0 |    0    0  720 1600 | com.example.aniplex/com.aniplex.app.MainActivity$_26122#25411 (4396)
07-12 11:00:11.948 26122 26588 I Kumiho-Kumiho: getPackageName: com.example.aniplex
07-12 11:00:11.949 26122 26588 I Kumiho-Kumiho: getPackageName: com.example.aniplex
07-12 11:00:11.959  1350  1350 I BufferQueueProducer: [com.example.aniplex/com.aniplex.app.MainActivity$_26122#25411](this:0xb400007c79b3c218,id:-1,api:0,p:-1,c:1350) com.example.aniplex/com.aniplex.app.MainActivity$_26122#25411 queueBuffer: fps=2.70 dur=1483.67 max=958.52 min=15.41
07-12 11:00:11.986 26122 26588 I Kumiho-Kumiho: getPackageName: com.example.aniplex
07-12 11:00:11.996 26122 29861 D libMEOW : applied 1 plugins for [com.example.aniplex]:
07-12 11:00:12.003 26122 26122 D BLASTBufferQueue: [26da4e5 SurfaceView[com.example.aniplex/com.aniplex.app.MainActivity]@0#8](f:0,a:1) destructor()
07-12 11:00:12.003 26122 26122 D BufferQueueConsumer: [26da4e5 SurfaceView[com.example.aniplex/com.aniplex.app.MainActivity]@0#8(BLAST Consumer)8](id:660a00000013,api:0,p:-1,c:26122) disconnect
07-12 11:00:12.019  1350  1350 D SurfaceFlinger:        DEVICE |          112193135706114 | 00002100 | RGBA_8888    |    0.0    0.0  720.0 1600.0 |    0    0  720 1600 | com.example.aniplex/com.aniplex.app.MainActivity$_26122#25411 (4398)
07-12 11:00:12.054  1350  1350 I SurfaceFlinger: [LayerHierarchy{RequestedLayerState{26da4e5 SurfaceView[com.example.aniplex/com.aniplex.app.MainActivity]@0#25471 z=-2} 2 children}] reparent to OffscreenRoot
07-12 11:00:12.054  1350  1350 I SurfaceFlinger: [LayerHierarchy{RequestedLayerState{26da4e5 SurfaceView[com.example.aniplex/com.aniplex.app.MainActivity]@0#25471 z=-2} 2 children}] RelativeParent to null
07-12 11:00:12.054  1350  1350 I SurfaceFlinger: [LayerHierarchy{RequestedLayerState{26da4e5 SurfaceView[com.example.aniplex/com.aniplex.app.MainActivity]@0(BLAST)#25472} no children}] reparent to OffscreenRoot
07-12 11:00:12.054  1350  1350 I SurfaceFlinger: [LayerHierarchy{RequestedLayerState{26da4e5 SurfaceView[com.example.aniplex/com.aniplex.app.MainActivity]@0(BLAST)#25472} no children}] RelativeParent to null
07-12 11:00:12.054  1350  1350 I SurfaceFlinger: [LayerHierarchy{RequestedLayerState{Background for 26da4e5 SurfaceView[com.example.aniplex/com.aniplex.app.MainActivity]@0#25473 z=-2147483648} no children}] reparent to OffscreenRoot
07-12 11:00:12.054  1350  1350 I SurfaceFlinger: [LayerHierarchy{RequestedLayerState{Background for 26da4e5 SurfaceView[com.example.aniplex/com.aniplex.app.MainActivity]@0#25473 z=-2147483648} no children}] RelativeParent to null
07-12 11:00:12.063  1350  1350 D SurfaceFlinger:        DEVICE |          112193135706113 | 00002100 | RGBA_8888    |    0.0    0.0  720.0 1600.0 |    0    0  720 1600 | com.example.aniplex/com.aniplex.app.MainActivity$_26122#25411 (4399)
07-12 11:00:12.064  1849  4924 I MediaFocusControl: abandonAudioFocus() from uid/pid 10415/26122 clientId=android.media.AudioManager@3d5ba9fandroidx.media3.exoplayer.AudioFocusManager$AudioFocusListener@80a65da callingPack=com.example.aniplex
07-12 11:00:12.073  1350  1758 I SurfaceFlinger: onHandleDestroyed: layerId=25473, name=Background for 26da4e5 SurfaceView[com.example.aniplex/com.aniplex.app.MainActivity]@0#25473
07-12 11:00:12.073  1350  1758 I SurfaceFlinger: id=25473 Removed Background for 26da4e5 SurfaceView[com.example.aniplex/com.aniplex.app.MainActivity]@0#25473 (201)
07-12 11:00:12.073  1350  3288 I SurfaceFlinger: onHandleDestroyed: layerId=25471, name=26da4e5 SurfaceView[com.example.aniplex/com.aniplex.app.MainActivity]@0#25471
07-12 11:00:12.074  1350  3288 I SurfaceFlinger: id=25471 Removed 26da4e5 SurfaceView[com.example.aniplex/com.aniplex.app.MainActivity]@0#25471 (201)
07-12 11:00:12.074  1350  3288 I SurfaceFlinger: onHandleDestroyed: layerId=25472, name=26da4e5 SurfaceView[com.example.aniplex/com.aniplex.app.MainActivity]@0(BLAST)#25472
07-12 11:00:12.074  1350  3288 I SurfaceFlinger: id=25472 Removed 26da4e5 SurfaceView[com.example.aniplex/com.aniplex.app.MainActivity]@0(BLAST)#25472 (201)
07-12 11:00:12.087  1350  1350 I SurfaceFlinger: destroyed 26da4e5 SurfaceView[com.example.aniplex/com.aniplex.app.MainActivity]@0#25471
07-12 11:00:12.087  1350  1350 I SurfaceFlinger: destroyed 26da4e5 SurfaceView[com.example.aniplex/com.aniplex.app.MainActivity]@0(BLAST)#25472
07-12 11:00:12.087  1350  1350 I SurfaceFlinger: destroyed Background for 26da4e5 SurfaceView[com.example.aniplex/com.aniplex.app.MainActivity]@0#25473
07-12 11:00:12.092  1350  1350 I Layer   : id=25472 Destroyed 26da4e5 SurfaceView[com.example.aniplex/com.aniplex.app.MainActivity]@0(BLAST)#25472
07-12 11:00:12.092  1350  1350 I Layer   : id=25471 Destroyed 26da4e5 SurfaceView[com.example.aniplex/com.aniplex.app.MainActivity]@0#25471
07-12 11:00:12.092  1350  1350 I Layer   : id=25473 Destroyed Background for 26da4e5 SurfaceView[com.example.aniplex/com.aniplex.app.MainActivity]@0#25473
07-12 11:00:12.094  3028  3734 D SoundCraft.PlayingAudioConditionHandler: onPlaybackConfigChanged : lastStartedPackageName=com.example.aniplex, lastStartedUid=10415, newStartedUid=-1, newStartPackageName=null, thread=Thread[RoutineHandlerThread,5,main]
07-12 11:00:12.094  3028  3734 D SoundCraft.PlayingAudioConditionHandler: onPlaybackConfigChanged : lastStartedPackageName=com.example.aniplex, lastStartedUid=10415, newStartedUid=-1, newStartPackageName=null, thread=Thread[RoutineHandlerThread,5,main]
07-12 11:00:12.113 26122 26122 W cr_AwContents: 	at com.aniplex.app.presentation.screens.player.PlayerScreenKt$PlayerScreen$lambda$205$lambda$204$$inlined$onDispose$1.dispose(Effects.kt:605)
07-12 11:00:12.114 26122 26122 W cr_AwContents: 	at com.aniplex.app.presentation.screens.player.PlayerScreenKt$PlayerScreen$lambda$205$lambda$204$$inlined$onDispose$1.dispose(Effects.kt:606)
07-12 11:00:12.139  1849  2685 I WindowManager: Relayout Window{3750bb u0 com.example.aniplex/com.aniplex.app.MainActivity}: viewVisibility=0 req=720x1600 ty=1 d0
07-12 11:00:12.140 26122 26122 I VRI[MainActivity]@b6d1225: updateBoundsLayer: t=android.view.SurfaceControl$Transaction@5d21114 sc=Surface(name=Bounds for - com.example.aniplex/com.aniplex.app.MainActivity@0)/@0x51d8dbd frame=4400
07-12 11:00:12.459  1350  1350 D SurfaceFlinger:        DEVICE |          112193135706115 | 00002100 | RGBA_8888    |    0.0    0.0  720.0 1600.0 |    0    0  720 1600 | com.example.aniplex/com.aniplex.app.MainActivity$_26122#25411 (4417)
07-12 11:00:12.964  1350  1350 I BufferQueueProducer: [com.example.aniplex/com.aniplex.app.MainActivity$_26122#25411](this:0xb400007c79b3c218,id:-1,api:0,p:-1,c:1350) com.example.aniplex/com.aniplex.app.MainActivity$_26122#25411 queueBuffer: fps=51.74 dur=1004.97 max=110.23 min=14.61
07-12 11:00:16.971 26122 26588 I Kumiho-Kumiho: getPackageName: com.example.aniplex
07-12 11:00:16.974 26122 26588 I Kumiho-Kumiho: getPackageName: com.example.aniplex
07-12 11:00:17.016  1350  1350 I BufferQueueProducer: [com.example.aniplex/com.aniplex.app.MainActivity$_26122#25411](this:0xb400007c79b3c218,id:-1,api:0,p:-1,c:1350) com.example.aniplex/com.aniplex.app.MainActivity$_26122#25411 queueBuffer: fps=8.14 dur=4051.95 max=3413.42 min=15.64
07-12 11:00:17.059 26122 26588 I Kumiho-Kumiho: getPackageName: com.example.aniplex
07-12 11:00:17.061 26122 26588 I Kumiho-Kumiho: getPackageName: com.example.aniplex
07-12 11:00:17.109 26122 26588 I Kumiho-Kumiho: getPackageName: com.example.aniplex
07-12 11:00:18.053  1350  1350 I BufferQueueProducer: [com.example.aniplex/com.aniplex.app.MainActivity$_26122#25411](this:0xb400007c79b3c218,id:-1,api:0,p:-1,c:1350) com.example.aniplex/com.aniplex.app.MainActivity$_26122#25411 queueBuffer: fps=57.87 dur=1036.81 max=48.26 min=15.17
