07-11 22:14:14.637  1350  1350 I SurfaceFlinger: RequestedLayer [com.example.aniplex/com.aniplex.app.MainActivity$_6685#22615] hidden!! flag  from(1) --> to(0)
07-11 22:14:14.637  1350  1350 I SurfaceFlinger: [LayerHierarchy{RequestedLayerState{c0cdeb3 com.example.aniplex/com.aniplex.app.MainActivity#22614 parentId=22618} 1 children}] reparent to LayerHierarchy{RequestedLayerState{Surface(name=c0cdeb3 com.example.aniplex/com.aniplex.app.MainActivity)/@0x22efb1b - animation-leash of starting_reveal#22618 parentId=22605} 1 children}
07-11 22:14:14.646  1350  1350 D SurfaceFlinger:        DEVICE |           28711856373763 | 00002102 | RGBA_8888    |    0.0    0.0  720.0 1600.0 |    0    0  720 1600 | com.example.aniplex/com.aniplex.app.MainActivity$_6685#22615 (1)
07-11 22:14:14.646  1350  1350 D SurfaceFlinger:        DEVICE |           13005161164933 | 00002100 | RGBA_8888    |    0.0    0.0  720.0 1600.0 |    0    0  720 1600 | Splash Screen com.example.aniplex$_3028#22607 (1)
07-11 22:14:14.647  1849  4889 D InputDispatcher: Focus entered window (0): c0cdeb3 com.example.aniplex/com.aniplex.app.MainActivity
07-11 22:14:14.656  1849  2446 D NetdEventListenerService: DNS Requested by 109, 10415(com.example.aniplex), SUCCESS, 3ms
07-11 22:14:14.670  1350  1350 I BufferQueueProducer: [Splash Screen com.example.aniplex$_3028#22607](this:0xb400007c763b1a18,id:-1,api:0,p:-1,c:1350) Splash Screen com.example.aniplex$_3028#22607 queueBuffer: fps=0.27 dur=3652.27 max=3652.27 min=3652.27
07-11 22:14:14.671  6685  6685 I InsetsSourceConsumer: applyRequestedVisibilityToControl: visible=true, type=navigationBars, host=com.example.aniplex/com.aniplex.app.MainActivity
07-11 22:14:14.673  6685  6685 I InsetsSourceConsumer: applyRequestedVisibilityToControl: visible=true, type=statusBars, host=com.example.aniplex/com.aniplex.app.MainActivity
07-11 22:14:14.688  6685  6725 D EventGDTLogger: Session Event: {"eventType":1,"sessionData":{"sessionId":"7e2c1e07c9a844a2ada16028e425fc35","firstSessionId":"7e2c1e07c9a844a2ada16028e425fc35","sessionIndex":0,"eventTimestampUs":1783797254642000,"dataCollectionStatus":{"performance":1,"crashlytics":2,"sessionSamplingRate":1.0},"firebaseInstallationId":"cizqIAUSRI-9JHvBkjgl-k","firebaseAuthenticationToken":"eyJhbGciOiJFUzI1NiIsInR5cCI6IkpXVCJ9.eyJhcHBJZCI6IjE6OTY1OTMzNzQwODEyOmFuZHJvaWQ6MDEyMzE0MGMxNjdiNjVjNGY2OGYyOSIsImV4cCI6MTc4NDQwMTI1MCwiZmlkIjoiY2l6cUlBVVNSSS05Skh2QmtqZ2wtayIsInByb2plY3ROdW1iZXIiOjk2NTkzMzc0MDgxMn0.AB2LPV8wRAIgHSdIXvbLJ1eZOgoQkSwYMCBjyJ_YU-8MI_2Ka4h3QowCIFPwvkhXNkgifHK8WMO3iQH1HAIKm-hJJA4t6xSW6hrh"},"applicationInfo":{"appId":"1:965933740812:android:0123140c167b65c4f68f29","deviceModel":"SM-A065M","sessionSdkVersion":"2.0.0","osVersion":"16","logEnvironment":3,"androidAppInfo":{"packageName":"com.example.aniplex","versionName":"1.3.6","appBuildVersion":"19","deviceManufacturer":"samsung","currentProcessDetails":{"processName":"com.example.aniplex","pid":6685,"importance":100,"defaultProcess":true},"appProcessDetails":[{"processName":"com.example.aniplex","pid":6685,"importance":100,"defaultProcess":true}]}}}
07-11 22:14:14.714  1849  2060 I ImeTracker: com.example.aniplex:78ca93cc: onRequestHide at ORIGIN_SERVER reason HIDE_UNSPECIFIED_WINDOW fromUser false
07-11 22:14:14.722  1849  1865 I WindowManager: Relayout Window{97bc18b u0 Splash Screen com.example.aniplex}: viewVisibility=8 req=720x1600 ty=3 d0
07-11 22:14:14.724  1849  1865 D WindowManager: updateSystemBarAttributes: displayId=0, focusedCanBeNavColorWin=false, win=Window{c0cdeb3 u0 com.example.aniplex/com.aniplex.app.MainActivity}, navColorWin=Window{c0cdeb3 u0 com.example.aniplex/com.aniplex.app.MainActivity}, caller=com.android.server.wm.DisplayPolicy.finishPostLayoutPolicyLw:17 com.android.server.wm.RootWindowContainer.applySurfaceChangesTransaction$1:195 com.android.server.wm.RootWindowContainer.performSurfacePlacementNoTrace:59 
07-11 22:14:14.732  3028  3028 D NavigationBar: onSystemBarAttributesChanged() -  displayId:0, appearance:0, packageName: com.example.aniplex, navbarColorManagedByIme:false
07-11 22:14:14.737  1849  1986 D WindowManager: Starting window removed Window{97bc18b u0 Splash Screen com.example.aniplex}
07-11 22:14:14.737  1849  1986 I WindowManager: Cancelling animation restarting=false, leash=Surface(name=Surface(name=c0cdeb3 com.example.aniplex/com.aniplex.app.MainActivity)/@0x22efb1b - animation-leash of starting_reveal)/@0x9455291
07-11 22:14:14.737  1849  1986 I WindowManager: Reparenting to original parent: Surface(name=ActivityRecord{116253412 u0 com.example.aniplex/com.aniplex.app.MainActivity t364})/@0x6554b8, destroy=false, surface=Surface(name=c0cdeb3 com.example.aniplex/com.aniplex.app.MainActivity)/@0x22efb1b
07-11 22:14:14.739  1849  1986 V WindowManager: Remove Window{97bc18b u0 Splash Screen com.example.aniplex}: mSurfaceControl=Surface(name=Splash Screen com.example.aniplex$_3028)/@0xad64e94 mAnimatingExit=false mRemoveOnExit=false mHasSurface=true surfaceShowing=false animating=false app-animation=false callers=com.android.server.wm.Session.remove:16 android.view.IWindowSession$Stub.onTransact:804 com.android.server.wm.Session.onTransact:1 android.os.Binder.execTransactInternal:1462 android.os.Binder.execTransact:1401 <bottom of call stack> 
07-11 22:14:14.742  1849  1986 D WindowManager: updateSystemBarAttributes: displayId=0, focusedCanBeNavColorWin=false, win=Window{c0cdeb3 u0 com.example.aniplex/com.aniplex.app.MainActivity}, navColorWin=Window{c0cdeb3 u0 com.example.aniplex/com.aniplex.app.MainActivity}, caller=com.android.server.wm.DisplayPolicy.finishPostLayoutPolicyLw:17 com.android.server.wm.RootWindowContainer.applySurfaceChangesTransaction$1:195 com.android.server.wm.RootWindowContainer.performSurfacePlacementNoTrace:59 
07-11 22:14:14.744  6685  6685 I ImeTracker: com.example.aniplex:78ca93cc: onCancelled at PHASE_CLIENT_ALREADY_HIDDEN
07-11 22:14:14.749  1350  1350 I SurfaceFlinger: RequestedLayer [Splash Screen com.example.aniplex$_3028#22607] hidden!! flag  from(0) --> to(1)
07-11 22:14:14.751  1849  1865 D InsetsSourceProvider: updateControlForTarget: control=InsetsSourceControl: {3 mType=ime mSurfacePosition=Point(0, 43) mInsetsHint=Insets{left=0, top=0, right=0, bottom=672}}, target=Window{c0cdeb3 u0 com.example.aniplex/com.aniplex.app.MainActivity}, from=com.android.server.wm.ImeInsetsSourceProvider.updateControlForTarget:17 com.android.server.wm.InsetsStateController.onControlTargetChanged:83 com.android.server.wm.DisplayContent.updateImeControlTarget:21 com.android.server.wm.DisplayContent.updateImeInputAndControlTarget:156 com.android.server.wm.WindowManagerService$LocalService.updateInputMethodTargetWindow:64 
07-11 22:14:14.757  1350  1350 D SurfaceFlinger:        DEVICE |           28711856373760 | 00002102 | RGBA_8888    |    0.0    0.0  720.0 1600.0 |    0    0  720 1600 | com.example.aniplex/com.aniplex.app.MainActivity$_6685#22615 (4)
07-11 22:14:14.765  1350  1350 I SurfaceFlinger: [LayerHierarchy{RequestedLayerState{ImeContainer#15 parentId=22605 relativeParentId=22614 z=1} 1 children}] reparent to LayerHierarchy{RequestedLayerState{ActivityRecord{116253412 u0 com.example.aniplex/com.aniplex.app.MainActivity t364}#22605 parentId=22604} 4 children}
07-11 22:14:14.765  1350  1350 I SurfaceFlinger: [LayerHierarchy{RequestedLayerState{ImeContainer#15 parentId=22605 relativeParentId=22614 z=1} 1 children}] RelativeParent to LayerHierarchy{RequestedLayerState{c0cdeb3 com.example.aniplex/com.aniplex.app.MainActivity#22614 parentId=22605} 2 children}
07-11 22:14:14.765  1350  1350 I SurfaceFlinger: [LayerHierarchy{RequestedLayerState{97bc18b Splash Screen com.example.aniplex#22606 z=2147483647} 1 children}] reparent to OffscreenRoot
07-11 22:14:14.765  1350  1350 I SurfaceFlinger: [LayerHierarchy{RequestedLayerState{97bc18b Splash Screen com.example.aniplex#22606 z=2147483647} 1 children}] RelativeParent to null
07-11 22:14:14.765  1350  1350 I SurfaceFlinger: [LayerHierarchy{RequestedLayerState{Splash Screen com.example.aniplex$_3028#22607} no children}] reparent to OffscreenRoot
07-11 22:14:14.765  1350  1350 I SurfaceFlinger: [LayerHierarchy{RequestedLayerState{Splash Screen com.example.aniplex$_3028#22607} no children}] RelativeParent to null
07-11 22:14:14.765  1350  1350 I SurfaceFlinger: [LayerHierarchy{RequestedLayerState{c0cdeb3 com.example.aniplex/com.aniplex.app.MainActivity#22614 parentId=22605} 2 children}] reparent to LayerHierarchy{RequestedLayerState{ActivityRecord{116253412 u0 com.example.aniplex/com.aniplex.app.MainActivity t364}#22605 parentId=22604} 4 children}
07-11 22:14:14.765  1350  1350 I SurfaceFlinger: [LayerHierarchy{RequestedLayerState{Surface(name=c0cdeb3 com.example.aniplex/com.aniplex.app.MainActivity)/@0x22efb1b - animation-leash of starting_reveal#22618} no children}] reparent to OffscreenRoot
07-11 22:14:14.765  1350  1350 I SurfaceFlinger: [LayerHierarchy{RequestedLayerState{Surface(name=c0cdeb3 com.example.aniplex/com.aniplex.app.MainActivity)/@0x22efb1b - animation-leash of starting_reveal#22618} no children}] RelativeParent to null
07-11 22:14:14.770  1350  3288 I SurfaceFlinger: onHandleDestroyed: layerId=22606, name=97bc18b Splash Screen com.example.aniplex#22606
07-11 22:14:14.770  1350  1759 I SurfaceFlinger: onHandleDestroyed: layerId=22607, name=Splash Screen com.example.aniplex$_3028#22607
07-11 22:14:14.770  1350  3288 I SurfaceFlinger: id=22606 Removed 97bc18b Splash Screen com.example.aniplex#22606 (205)
07-11 22:14:14.770  1350  1759 I SurfaceFlinger: id=22607 Removed Splash Screen com.example.aniplex$_3028#22607 (205)
07-11 22:14:14.771  9503  9503 I HBD     : b [AiWriter] setContact : com.example.aniplex
07-11 22:14:14.772  9503  9503 I HBD     : a [AiWriter] setContact : com.example.aniplex
07-11 22:14:14.781  1350  1350 I SurfaceFlinger: destroyed 97bc18b Splash Screen com.example.aniplex#22606
07-11 22:14:14.781  1350  1350 I SurfaceFlinger: destroyed Splash Screen com.example.aniplex$_3028#22607
07-11 22:14:14.784  1350  1350 I Layer   : id=22607 Destroyed Splash Screen com.example.aniplex$_3028#22607
07-11 22:14:14.784  1350  1350 I Layer   : id=22606 Destroyed 97bc18b Splash Screen com.example.aniplex#22606
07-11 22:14:14.794  1849  1877 D SGM:FgCheckThread: getForegroundApp(), foregroundPkgName=com.example.aniplex
07-11 22:14:14.932  1849  2328 D MdnieScenarioControlService:  packageName : com.example.aniplex    className : com.aniplex.app.MainActivity
07-11 22:14:14.973  9503 19176 I HBD     : a [SKE_SPECIFIC] specific model[com.example.aniplex] loaded, 131027616 ns
07-11 22:14:15.627  1350  1350 I BufferQueueProducer: [com.example.aniplex/com.aniplex.app.MainActivity$_6685#22615](this:0xb400007c799aa218,id:-1,api:0,p:-1,c:1350) com.example.aniplex/com.aniplex.app.MainActivity$_6685#22615 queueBuffer: fps=51.82 dur=1003.39 max=48.42 min=15.73
07-11 22:14:16.632  1350  1350 I BufferQueueProducer: [com.example.aniplex/com.aniplex.app.MainActivity$_6685#22615](this:0xb400007c799aa218,id:-1,api:0,p:-1,c:1350) com.example.aniplex/com.aniplex.app.MainActivity$_6685#22615 queueBuffer: fps=60.70 dur=1004.88 max=47.74 min=15.50
07-11 22:14:17.636  1350  1350 I BufferQueueProducer: [com.example.aniplex/com.aniplex.app.MainActivity$_6685#22615](this:0xb400007c799aa218,id:-1,api:0,p:-1,c:1350) com.example.aniplex/com.aniplex.app.MainActivity$_6685#22615 queueBuffer: fps=62.72 dur=1004.46 max=16.47 min=15.17
07-11 22:14:18.193  6685  6852 D ProfileInstaller: Installing profile for com.example.aniplex
07-11 22:14:18.315  6685  6693 I example.aniplex: Compiler allocated 4701KB to compile void com.aniplex.app.presentation.screens.profile.ProfileSelectionScreenKt.ProfileSelectionScreen(kotlin.jvm.functions.Function0, kotlin.jvm.functions.Function0, androidx.compose.ui.Modifier, com.aniplex.app.presentation.screens.profile.ProfileSelectionViewModel, androidx.compose.runtime.Composer, int, int)
07-11 22:14:18.753  1350  1350 I BufferQueueProducer: [com.example.aniplex/com.aniplex.app.MainActivity$_6685#22615](this:0xb400007c799aa218,id:-1,api:0,p:-1,c:1350) com.example.aniplex/com.aniplex.app.MainActivity$_6685#22615 queueBuffer: fps=37.61 dur=1116.84 max=191.86 min=14.62
07-11 22:14:19.298  1350  3288 I SurfaceFlinger: onHandleDestroyed: layerId=22618, name=Surface(name=c0cdeb3 com.example.aniplex/com.aniplex.app.MainActivity)/@0x22efb1b - animation-leash of starting_reveal#22618
07-11 22:14:19.298  1350  3288 I SurfaceFlinger: id=22618 Removed Surface(name=c0cdeb3 com.example.aniplex/com.aniplex.app.MainActivity)/@0x22efb1b - animation-leash of starting_reveal#22618 (201)
07-11 22:14:19.311  1350  1350 I SurfaceFlinger: destroyed Surface(name=c0cdeb3 com.example.aniplex/com.aniplex.app.MainActivity)/@0x22efb1b - animation-leash of starting_reveal#22618
07-11 22:14:19.314  1350  1350 I Layer   : id=22618 Destroyed Surface(name=c0cdeb3 com.example.aniplex/com.aniplex.app.MainActivity)/@0x22efb1b - animation-leash of starting_reveal#22618
07-11 22:14:20.061  1350  1350 I BufferQueueProducer: [com.example.aniplex/com.aniplex.app.MainActivity$_6685#22615](this:0xb400007c799aa218,id:-1,api:0,p:-1,c:1350) com.example.aniplex/com.aniplex.app.MainActivity$_6685#22615 queueBuffer: fps=33.64 dur=1307.88 max=622.36 min=14.79
07-11 22:14:20.657  6685  6734 I Kumiho-Kumiho: getPackageName: com.example.aniplex
07-11 22:14:20.658  6685  6736 I Kumiho-Kumiho: getPackageName: com.example.aniplex
07-11 22:14:20.673  6685  6734 I Kumiho-Kumiho: getPackageName: com.example.aniplex
07-11 22:14:20.673  6685  6736 I Kumiho-Kumiho: getPackageName: com.example.aniplex
07-11 22:14:20.680  6685  6904 D libMEOW : applied 1 plugins for [com.example.aniplex]:
07-11 22:14:20.682  6685  6734 D libMEOW : applied 1 plugins for [com.example.aniplex]:
07-11 22:14:20.685  6685  6736 D libMEOW : applied 1 plugins for [com.example.aniplex]:
07-11 22:14:20.696  6685  6733 I Kumiho-Kumiho: getPackageName: com.example.aniplex
07-11 22:14:20.698  6685  6733 I Kumiho-Kumiho: getPackageName: com.example.aniplex
07-11 22:14:20.715  6685  6733 D libMEOW : applied 1 plugins for [com.example.aniplex]:
07-11 22:14:20.771  6685  6733 I Kumiho-Kumiho: getPackageName: com.example.aniplex
07-11 22:14:20.774  6685  6733 I Kumiho-Kumiho: getPackageName: com.example.aniplex
07-11 22:14:21.055  6685  6733 I Kumiho-Kumiho: getPackageName: com.example.aniplex
07-11 22:14:21.058  6685  6733 I Kumiho-Kumiho: getPackageName: com.example.aniplex
07-11 22:14:21.066  6685  6733 I Kumiho-Kumiho: getPackageName: com.example.aniplex
07-11 22:14:21.098  1350  1350 I BufferQueueProducer: [com.example.aniplex/com.aniplex.app.MainActivity$_6685#22615](this:0xb400007c799aa218,id:-1,api:0,p:-1,c:1350) com.example.aniplex/com.aniplex.app.MainActivity$_6685#22615 queueBuffer: fps=3.86 dur=1036.65 max=829.64 min=47.14
07-11 22:14:22.103  1350  1350 I BufferQueueProducer: [com.example.aniplex/com.aniplex.app.MainActivity$_6685#22615](this:0xb400007c799aa218,id:-1,api:0,p:-1,c:1350) com.example.aniplex/com.aniplex.app.MainActivity$_6685#22615 queueBuffer: fps=62.68 dur=1005.04 max=16.69 min=15.23
07-11 22:14:22.568  1849  3799 D CoreBackPreview: Window{c0cdeb3 u0 com.example.aniplex/com.aniplex.app.MainActivity}: Setting back callback OnBackInvokedCallbackInfo{mCallback=android.window.IOnBackInvokedCallback$Stub$Proxy@fe4ce33, mPriority=0, mIsAnimationCallback=true, mOverrideBehavior=0}
07-11 22:14:22.763  1849  1885 I ActivityManager: Start proc 6923:com.google.android.webview:sandboxed_process0:org.chromium.content.app.SandboxedProcessService0:0/u0i731 for  {com.example.aniplex/org.chromium.content.app.SandboxedProcessService0:0}
07-11 22:14:22.763  1849  1885 I DynamicHiddenApp_BGProtectManager: check webview name : com.google.android.webview:sandboxed_process0:org.chromium.content.app.SandboxedProcessService0:0check hostingname webview : {com.example.aniplex/org.chromium.content.app.SandboxedProcessService0:0}
07-11 22:14:22.870  6685  6685 D ConnectivityManager: StackLog: [android.net.ConnectivityManager.sendRequestForNetwork(ConnectivityManager.java:4740)] [android.net.ConnectivityManager.registerDefaultNetworkCallbackForUid(ConnectivityManager.java:5465)] [android.net.ConnectivityManager.registerDefaultNetworkCallback(ConnectivityManager.java:5432)] [WV.mm1.e(chromium-SystemWebViewGoogle6432.aab-beta-792200613:37)] [WV.mm1.a(chromium-SystemWebViewGoogle6432.aab-beta-792200613:1)] [org.chromium.android_webview.AwContentsLifecycleNotifier.onFirstWebViewCreated(chromium-SystemWebViewGoogle6432.aab-beta-792200613:19)] [J.N.JJ(Native Method)] [org.chromium.android_webview.AwContents.<init>(chromium-SystemWebViewGoogle6432.aab-beta-792200613:616)] [com.android.webview.chromium.i.run(chromium-SystemWebViewGoogle6432.aab-beta-792200613:298)] [WV.p23.b(chromium-SystemWebViewGoogle6432.aab-beta-792200613:14)] [com.android.webview.chromium.q0.e(chromium-SystemWebViewGoogle6432.aab-beta-792200613:516)] [WV.c23.run(chromium-SystemWebViewGoogle6432.aab-beta-792200613:33)] [WV.g23.run(chromium-SystemWebViewGoogle6432.aab-beta-792200613:98)] [WV.i23.b(chromium-SystemWebViewGoogle6432.aab-beta-792200613:7)] [com.android.webview.chromium.q0.k(chromium-SystemWebViewGoogle6432.aab-beta-792200613:107)] [com.android.webview.chromium.q0.o(chromium-SystemWebViewGoogle6432.aab-beta-792200613:64)] [com.android.webview.chromium.q0.n(chromium-SystemWebViewGoogle6432.aab-beta-792200613:2)] [com.android.webview.chromium.WebViewChromium.getSettings(chromium-SystemWebViewGoogle6432.aab-beta-792200613:8)] [android.webkit.WebView.getSettings(WebView.java:2004)] [com.aniplex.app.presentation.screens.player.PlayerScreenKt.PlayerScreen(PlayerScreen.kt:409)] [com.aniplex.app.NavigationKt$MobileMainNavigation$4$10.invoke(Navigation.kt:228)] [com.aniplex.app.NavigationKt$MobileMainNavigation$4$10.invoke(Navigation.kt:227)] [androidx.compose.runtime.internal.ComposableLambdaImpl.invoke(ComposableLambda.kt:131)] [androidx.compose.runtime.internal.ComposableLambdaImpl.invoke(ComposableLambda.kt:52)] [androidx.navigation3.runtime.NavEntry.Content(NavEntry.kt:65)] [androidx.navigation3.runtime.SaveableStateHolderNavEntryDecorator._init_$lambda$1$0(SaveableStateHolderNavEntryDecorator.kt:57)] [androidx.navigation3.runtime.SaveableStateHolderNavEntryDecorator.$r8$lambda$5AEs6Y8xjT-m9rz_14ajr7_PkrE(Unknown Source:0)] [androidx.navigation3.runtime.SaveableStateHolderNavEntryDecorator$$ExternalSyntheticLambda2.invoke(D8$$SyntheticClass:0)] [androidx.compose.runtime.internal.ComposableLambdaImpl.invoke(ComposableLambda.kt:122)] [androidx.compose.runtime.internal.ComposableLambdaImpl.invoke(ComposableLambda.kt:52)] [androidx.compose.runtime.CompositionLocalKt.CompositionLocalProvider(CompositionLocal.kt:378)] [androidx.compose.runtime.saveable.SaveableStateHolderImpl.SaveableStateProvider(SaveableStateHolder.kt:82)] [androidx.navigation3.runtime.SaveableStateHolderNavEntryDecorator._init_$lambda$1(SaveableStateHolderNavEntryDecorator.kt:57)] [androidx.navigation3.runtime.SaveableStateHolderNavEntryDecorator.$r8$lambda$t4eKAgy2A-Z1Twj-AWPTEIV4lzM(Unknown Source:0)] [androidx.navigation3.runtime.SaveableStateHolderNavEntryDecorator$$ExternalSyntheticLambda1.invoke(D8$$SyntheticClass:0)] [androidx.compose.runtime.internal.ComposableLambdaImpl.invoke(ComposableLambda.kt:131)] [androidx.compose.runtime.internal.ComposableLambdaImpl.invoke(ComposableLambda.kt:52)] [androidx.navigation3.runtime.DecoratedNavEntriesKt.decorateEntry$lambda$1$1$0(DecoratedNavEntries.kt:227)] [androidx.navigation3.runtime.DecoratedNavEntriesKt.$r8$lambda$Xq5HM5jYZbE9jtCj-H7XFYyibQo(Unknown Source:0)] [androidx.navigation3.runtime.DecoratedNavEntriesKt$$ExternalSyntheticLambda4.invoke(D8$$SyntheticClass:0)] [androidx.compose.runtime.internal.ComposableLambdaImpl.invoke(ComposableLambda.kt:131)] [androidx.compose.runtime.internal.ComposableLambdaImpl.invoke(ComposableLambda.kt:52)] [androidx.navigation3.runtime.NavEntry.Content(NavEntry.kt:65)] [androidx.navigation3.runtime.DecoratedNavEntriesKt.decorateEntry
07-11 22:14:22.871  1849  1865 D ConnectivityService: requestNetwork for uid/pid:10415/6685 activeRequest: null callbackRequest: 34349 [NetworkRequest [ REQUEST id=34350, [ Capabilities: INTERNET&NOT_RESTRICTED&TRUSTED&NOT_VCN_MANAGED&NOT_BANDWIDTH_CONSTRAINED Uid: 10415 RequestorUid: 10415 RequestorPkg: com.example.aniplex UnderlyingNetworks: Null] ]] callback flags: 0 order: 2147483647 isUidTracked: false declaredMethods: AVAIL|LOST|NC|LP
07-11 22:14:22.872  1849  2314 D ConnectivityService:    accepting network in place of null for NetworkRequest [ REQUEST id=34350, [ Capabilities: INTERNET&NOT_RESTRICTED&TRUSTED&NOT_VCN_MANAGED&NOT_BANDWIDTH_CONSTRAINED Uid: 10415 RequestorUid: 10415 RequestorPkg: com.example.aniplex UnderlyingNetworks: Null] ]
07-11 22:14:22.875  6685  6685 D ConnectivityManager: StackLog: [android.net.ConnectivityManager.sendRequestForNetwork(ConnectivityManager.java:4740)] [android.net.ConnectivityManager.sendRequestForNetwork(ConnectivityManager.java:4908)] [android.net.ConnectivityManager.registerNetworkCallback(ConnectivityManager.java:5325)] [WV.mm1.e(chromium-SystemWebViewGoogle6432.aab-beta-792200613:86)] [WV.mm1.a(chromium-SystemWebViewGoogle6432.aab-beta-792200613:1)] [org.chromium.android_webview.AwContentsLifecycleNotifier.onFirstWebViewCreated(chromium-SystemWebViewGoogle6432.aab-beta-792200613:19)] [J.N.JJ(Native Method)] [org.chromium.android_webview.AwContents.<init>(chromium-SystemWebViewGoogle6432.aab-beta-792200613:616)] [com.android.webview.chromium.i.run(chromium-SystemWebViewGoogle6432.aab-beta-792200613:298)] [WV.p23.b(chromium-SystemWebViewGoogle6432.aab-beta-792200613:14)] [com.android.webview.chromium.q0.e(chromium-SystemWebViewGoogle6432.aab-beta-792200613:516)] [WV.c23.run(chromium-SystemWebViewGoogle6432.aab-beta-792200613:33)] [WV.g23.run(chromium-SystemWebViewGoogle6432.aab-beta-792200613:98)] [WV.i23.b(chromium-SystemWebViewGoogle6432.aab-beta-792200613:7)] [com.android.webview.chromium.q0.k(chromium-SystemWebViewGoogle6432.aab-beta-792200613:107)] [com.android.webview.chromium.q0.o(chromium-SystemWebViewGoogle6432.aab-beta-792200613:64)] [com.android.webview.chromium.q0.n(chromium-SystemWebViewGoogle6432.aab-beta-792200613:2)] [com.android.webview.chromium.WebViewChromium.getSettings(chromium-SystemWebViewGoogle6432.aab-beta-792200613:8)] [android.webkit.WebView.getSettings(WebView.java:2004)] [com.aniplex.app.presentation.screens.player.PlayerScreenKt.PlayerScreen(PlayerScreen.kt:409)] [com.aniplex.app.NavigationKt$MobileMainNavigation$4$10.invoke(Navigation.kt:228)] [com.aniplex.app.NavigationKt$MobileMainNavigation$4$10.invoke(Navigation.kt:227)] [androidx.compose.runtime.internal.ComposableLambdaImpl.invoke(ComposableLambda.kt:131)] [androidx.compose.runtime.internal.ComposableLambdaImpl.invoke(ComposableLambda.kt:52)] [androidx.navigation3.runtime.NavEntry.Content(NavEntry.kt:65)] [androidx.navigation3.runtime.SaveableStateHolderNavEntryDecorator._init_$lambda$1$0(SaveableStateHolderNavEntryDecorator.kt:57)] [androidx.navigation3.runtime.SaveableStateHolderNavEntryDecorator.$r8$lambda$5AEs6Y8xjT-m9rz_14ajr7_PkrE(Unknown Source:0)] [androidx.navigation3.runtime.SaveableStateHolderNavEntryDecorator$$ExternalSyntheticLambda2.invoke(D8$$SyntheticClass:0)] [androidx.compose.runtime.internal.ComposableLambdaImpl.invoke(ComposableLambda.kt:122)] [androidx.compose.runtime.internal.ComposableLambdaImpl.invoke(ComposableLambda.kt:52)] [androidx.compose.runtime.CompositionLocalKt.CompositionLocalProvider(CompositionLocal.kt:378)] [androidx.compose.runtime.saveable.SaveableStateHolderImpl.SaveableStateProvider(SaveableStateHolder.kt:82)] [androidx.navigation3.runtime.SaveableStateHolderNavEntryDecorator._init_$lambda$1(SaveableStateHolderNavEntryDecorator.kt:57)] [androidx.navigation3.runtime.SaveableStateHolderNavEntryDecorator.$r8$lambda$t4eKAgy2A-Z1Twj-AWPTEIV4lzM(Unknown Source:0)] [androidx.navigation3.runtime.SaveableStateHolderNavEntryDecorator$$ExternalSyntheticLambda1.invoke(D8$$SyntheticClass:0)] [androidx.compose.runtime.internal.ComposableLambdaImpl.invoke(ComposableLambda.kt:131)] [androidx.compose.runtime.internal.ComposableLambdaImpl.invoke(ComposableLambda.kt:52)] [androidx.navigation3.runtime.DecoratedNavEntriesKt.decorateEntry$lambda$1$1$0(DecoratedNavEntries.kt:227)] [androidx.navigation3.runtime.DecoratedNavEntriesKt.$r8$lambda$Xq5HM5jYZbE9jtCj-H7XFYyibQo(Unknown Source:0)] [androidx.navigation3.runtime.DecoratedNavEntriesKt$$ExternalSyntheticLambda4.invoke(D8$$SyntheticClass:0)] [androidx.compose.runtime.internal.ComposableLambdaImpl.invoke(ComposableLambda.kt:131)] [androidx.compose.runtime.internal.ComposableLambdaImpl.invoke(ComposableLambda.kt:52)] [androidx.navigation3.runtime.NavEntry.Content(NavEntry.kt:65)] [androidx.navigation3.runtime.DecoratedNavEntriesKt.decorateEntry$lambda$1(DecoratedNav
07-11 22:14:22.875  1849  2300 D WifiNetworkFactory: got request NetworkRequest [ REQUEST id=34350, [ Capabilities: INTERNET&NOT_RESTRICTED&TRUSTED&NOT_VCN_MANAGED&NOT_BANDWIDTH_CONSTRAINED Uid: 10415 RequestorUid: 10415 RequestorPkg: com.example.aniplex UnderlyingNetworks: Null] ]
07-11 22:14:22.875  1849  2300 D UntrustedWifiNetworkFactory: got request NetworkRequest [ REQUEST id=34350, [ Capabilities: INTERNET&NOT_RESTRICTED&TRUSTED&NOT_VCN_MANAGED&NOT_BANDWIDTH_CONSTRAINED Uid: 10415 RequestorUid: 10415 RequestorPkg: com.example.aniplex UnderlyingNetworks: Null] ]
07-11 22:14:22.876  1849  2300 D OemPaidWifiNetworkFactory: got request NetworkRequest [ REQUEST id=34350, [ Capabilities: INTERNET&NOT_RESTRICTED&TRUSTED&NOT_VCN_MANAGED&NOT_BANDWIDTH_CONSTRAINED Uid: 10415 RequestorUid: 10415 RequestorPkg: com.example.aniplex UnderlyingNetworks: Null] ]
07-11 22:14:22.876  1849  2300 D MultiInternetWifiNetworkFactory: got request NetworkRequest [ REQUEST id=34350, [ Capabilities: INTERNET&NOT_RESTRICTED&TRUSTED&NOT_VCN_MANAGED&NOT_BANDWIDTH_CONSTRAINED Uid: 10415 RequestorUid: 10415 RequestorPkg: com.example.aniplex UnderlyingNetworks: Null] ]
07-11 22:14:23.363  6685  6685 D vulkan  : searching for layers in '/data/app/~~CUbrRz0Dn1Wk993hEmIkyg==/com.example.aniplex-zgaPeKobFUWL7Y6pzaDpOw==/lib/arm64'
07-11 22:14:23.363  6685  6685 D vulkan  : searching for layers in '/data/app/~~CUbrRz0Dn1Wk993hEmIkyg==/com.example.aniplex-zgaPeKobFUWL7Y6pzaDpOw==/base.apk!/lib/arm64-v8a'
07-11 22:14:23.382  6685  6685 D libMEOW : applied 1 plugins for [com.example.aniplex]:
07-11 22:14:23.506  1350  1350 I BufferQueueProducer: [com.example.aniplex/com.aniplex.app.MainActivity$_6685#22615](this:0xb400007c799aa218,id:-1,api:0,p:-1,c:1350) com.example.aniplex/com.aniplex.app.MainActivity$_6685#22615 queueBuffer: fps=26.36 dur=1403.66 max=701.78 min=15.12
07-11 22:14:23.668  6685  6977 D libMEOW : applied 1 plugins for [com.example.aniplex]:
07-11 22:14:23.759  1849  2446 D NetdEventListenerService: DNS Requested by 109, 10415(com.example.aniplex), SUCCESS, 111ms
07-11 22:14:24.367  1849  2446 D NetdEventListenerService: DNS Requested by 109, 10415(com.example.aniplex), SUCCESS, 125ms
07-11 22:14:24.511  1350  1350 I BufferQueueProducer: [com.example.aniplex/com.aniplex.app.MainActivity$_6685#22615](this:0xb400007c799aa218,id:-1,api:0,p:-1,c:1350) com.example.aniplex/com.aniplex.app.MainActivity$_6685#22615 queueBuffer: fps=21.89 dur=1005.09 max=334.83 min=15.58
07-11 22:14:24.969  6685  6685 I Toast   : show: caller = com.aniplex.app.presentation.screens.player.PlayerScreenKt.PlayerScreen$fallbackToNextServer:738 
07-11 22:14:25.029  3028  3028 I AppIconSolution: return the original icon because tray option is set to None for com.example.aniplex, isNight = true
07-11 22:14:25.155  1350  1350 D SurfaceFlinger:        DEVICE |           28711856373761 | 00002102 | RGBA_8888    |    0.0    0.0  720.0 1600.0 |    0    0  720 1600 | com.example.aniplex/com.aniplex.app.MainActivity$_6685#22615 (419)
07-11 22:14:25.174  1849  2446 D NetdEventListenerService: DNS Requested by 109, 10415(com.example.aniplex), SUCCESS, 150ms
07-11 22:14:25.518  1350  1350 I BufferQueueProducer: [com.example.aniplex/com.aniplex.app.MainActivity$_6685#22615](this:0xb400007c799aa218,id:-1,api:0,p:-1,c:1350) com.example.aniplex/com.aniplex.app.MainActivity$_6685#22615 queueBuffer: fps=46.70 dur=1006.32 max=113.05 min=15.42
07-11 22:14:25.961  6685  6685 I Toast   : show: caller = com.aniplex.app.presentation.screens.player.PlayerScreenKt.PlayerScreen$fallbackToNextServer:738 
07-11 22:14:26.109  1849  2446 D NetdEventListenerService: DNS Requested by 109, 10415(com.example.aniplex), SUCCESS, 124ms
07-11 22:14:26.521  1350  1350 I BufferQueueProducer: [com.example.aniplex/com.aniplex.app.MainActivity$_6685#22615](this:0xb400007c799aa218,id:-1,api:0,p:-1,c:1350) com.example.aniplex/com.aniplex.app.MainActivity$_6685#22615 queueBuffer: fps=57.79 dur=1003.64 max=62.32 min=14.40
07-11 22:14:26.597  6685  6685 I Toast   : show: caller = com.aniplex.app.presentation.screens.player.PlayerScreenKt.PlayerScreen$fallbackToNextServer:747 
07-11 22:14:26.748  1849  2446 D NetdEventListenerService: DNS Requested by 109, 10415(com.example.aniplex), SUCCESS, 106ms
07-11 22:14:27.349  1849  3799 W NotificationService: Toast already killed. pkg=com.example.aniplex token=android.os.BinderProxy@f4ea407
07-11 22:14:27.353  3028  3028 I AppIconSolution: return the original icon because tray option is set to None for com.example.aniplex, isNight = true
07-11 22:14:27.437  1350  1350 D SurfaceFlinger:        DEVICE |           28711856373762 | 00002102 | RGBA_8888    |    0.0    0.0  720.0 1600.0 |    0    0  720 1600 | com.example.aniplex/com.aniplex.app.MainActivity$_6685#22615 (550)
07-11 22:14:27.528  1350  1350 I BufferQueueProducer: [com.example.aniplex/com.aniplex.app.MainActivity$_6685#22615](this:0xb400007c799aa218,id:-1,api:0,p:-1,c:1350) com.example.aniplex/com.aniplex.app.MainActivity$_6685#22615 queueBuffer: fps=61.62 dur=1006.25 max=33.12 min=13.85
07-11 22:14:27.884  1350  1350 D SurfaceFlinger:        DEVICE |           28711856373762 | 00002102 | RGBA_8888    |    0.0    0.0  720.0 1600.0 |    0    0  720 1600 | com.example.aniplex/com.aniplex.app.MainActivity$_6685#22615 (578)
07-11 22:14:28.531  1350  1350 I BufferQueueProducer: [com.example.aniplex/com.aniplex.app.MainActivity$_6685#22615](this:0xb400007c799aa218,id:-1,api:0,p:-1,c:1350) com.example.aniplex/com.aniplex.app.MainActivity$_6685#22615 queueBuffer: fps=62.76 dur=1003.80 max=17.28 min=14.41
07-11 22:14:29.536  1350  1350 I BufferQueueProducer: [com.example.aniplex/com.aniplex.app.MainActivity$_6685#22615](this:0xb400007c799aa218,id:-1,api:0,p:-1,c:1350) com.example.aniplex/com.aniplex.app.MainActivity$_6685#22615 queueBuffer: fps=62.69 dur=1005.02 max=16.44 min=15.28
07-11 22:14:29.943  1849  1865 W NotificationService: Toast already killed. pkg=com.example.aniplex token=android.os.BinderProxy@1da8583
07-11 22:14:29.947  3028  3028 I AppIconSolution: return the original icon because tray option is set to None for com.example.aniplex, isNight = true
07-11 22:14:30.054  1350  1350 D SurfaceFlinger:        DEVICE |           28711856373762 | 00002102 | RGBA_8888    |    0.0    0.0  720.0 1600.0 |    0    0  720 1600 | com.example.aniplex/com.aniplex.app.MainActivity$_6685#22615 (694)
07-11 22:14:30.086  1849  1865 I WindowManager: Relayout Window{c0cdeb3 u0 com.example.aniplex/com.aniplex.app.MainActivity}: viewVisibility=0 req=720x1600 ty=1 d0
07-11 22:14:30.135  1849  1865 I MediaFocusControl: requestAudioFocus() from uid/pid 10415/6685 AA=USAGE_MEDIA/CONTENT_TYPE_MOVIE clientId=android.media.AudioManager@880aedandroidx.media3.exoplayer.AudioFocusManager$AudioFocusListener@d8f0d22 callingPack=com.example.aniplex req=1 flags=0x0 sdk=36
07-11 22:14:30.175  1350  1407 D SurfaceFlinger: [SF client] NEW(0xb400007ca9420a00) for (6685:com.example.aniplex)
07-11 22:14:30.177  1350  1407 I SurfaceFlinger: id=22634 createSurf, flag=20004, Bounds for - com.example.aniplex/com.aniplex.app.MainActivity@0#22634
07-11 22:14:30.179  1350  1407 I SurfaceFlinger: id=22635 createSurf, flag=84004, 7ede09b SurfaceView[com.example.aniplex/com.aniplex.app.MainActivity]@0#22635
07-11 22:14:30.180  1350  1407 I SurfaceFlinger: id=22636 createSurf, flag=44400, 7ede09b SurfaceView[com.example.aniplex/com.aniplex.app.MainActivity]@0(BLAST)#22636
07-11 22:14:30.181  1350  1407 I SurfaceFlinger: id=22637 createSurf, flag=20404, Background for 7ede09b SurfaceView[com.example.aniplex/com.aniplex.app.MainActivity]@0#22637
07-11 22:14:30.182  6685  6685 D BLASTBufferQueue: [7ede09b SurfaceView[com.example.aniplex/com.aniplex.app.MainActivity]@0#1](f:0,a:0) constructor()
07-11 22:14:30.182  6685  6685 I BLASTBufferQueue_Java: new BLASTBufferQueue, mName= 7ede09b SurfaceView[com.example.aniplex/com.aniplex.app.MainActivity]@0 mNativeObject= 0xb400007663ba8000 caller= android.view.SurfaceView.createBlastSurfaceControls:1781 android.view.SurfaceView.updateSurface:1450 android.view.SurfaceView.lambda$new$0:280 android.view.SurfaceView.$r8$lambda$NfZyM_TG8F8lqzaOVZ7noREFjzU:0 android.view.SurfaceView$$ExternalSyntheticLambda1.onPreDraw:0 android.view.ViewTreeObserver.dispatchOnPreDraw:1229 android.view.ViewRootImpl.performTraversals:5448 android.view.ViewRootImpl.doTraversal:3924 android.view.ViewRootImpl$TraversalRunnable.run:12903 android.view.Choreographer$CallbackRecord.run:1901 
07-11 22:14:30.183  6685  6685 I BLASTBufferQueue_Java: update, w= 720 h= 405 mName = 7ede09b SurfaceView[com.example.aniplex/com.aniplex.app.MainActivity]@0 mNativeObject= 0xb400007663ba8000 sc.mNativeObject= 0xb400007663f0b440 format= 4 caller= android.view.SurfaceView.createBlastSurfaceControls:1782 android.view.SurfaceView.updateSurface:1450 android.view.SurfaceView.lambda$new$0:280 android.view.SurfaceView.$r8$lambda$NfZyM_TG8F8lqzaOVZ7noREFjzU:0 android.view.SurfaceView$$ExternalSyntheticLambda1.onPreDraw:0 android.view.ViewTreeObserver.dispatchOnPreDraw:1229 
07-11 22:14:30.183  6685  6685 D BLASTBufferQueue: [7ede09b SurfaceView[com.example.aniplex/com.aniplex.app.MainActivity]@0#1](f:0,a:0) update width=720 height=405 format=4 mTransformHint=0
07-11 22:14:30.190  1350  1350 I SurfaceFlinger: [Bounds for - com.example.aniplex/com.aniplex.app.MainActivity@0#22634] attach to parent LayerHierarchy{RequestedLayerState{com.example.aniplex/com.aniplex.app.MainActivity$_6685#22615 parentId=22614} 1 children}
07-11 22:14:30.190  1350  1350 I SurfaceFlinger: [7ede09b SurfaceView[com.example.aniplex/com.aniplex.app.MainActivity]@0#22635] attach to parent LayerHierarchy{RequestedLayerState{Bounds for - com.example.aniplex/com.aniplex.app.MainActivity@0#22634 parentId=22615} 1 children}
07-11 22:14:30.190  1350  1350 I SurfaceFlinger: [7ede09b SurfaceView[com.example.aniplex/com.aniplex.app.MainActivity]@0(BLAST)#22636] attach to parent LayerHierarchy{RequestedLayerState{7ede09b SurfaceView[com.example.aniplex/com.aniplex.app.MainActivity]@0#22635 parentId=22634} 1 children}
07-11 22:14:30.190  1350  1350 I SurfaceFlinger: [Background for 7ede09b SurfaceView[com.example.aniplex/com.aniplex.app.MainActivity]@0#22637] attach to parent LayerHierarchy{RequestedLayerState{7ede09b SurfaceView[com.example.aniplex/com.aniplex.app.MainActivity]@0#22635 parentId=22634} 2 children}
07-11 22:14:30.202  1849  2446 D NetdEventListenerService: DNS Requested by 109, 10415(com.example.aniplex), SUCCESS, 3ms
07-11 22:14:30.206  1350  1350 I SurfaceFlinger: RequestedLayer [7ede09b SurfaceView[com.example.aniplex/com.aniplex.app.MainActivity]@0#22635] hidden!! flag  from(1) --> to(0)
07-11 22:14:30.206  1350  1350 I SurfaceFlinger: RequestedLayer [Bounds for - com.example.aniplex/com.aniplex.app.MainActivity@0#22634] hidden!! flag  from(1) --> to(0)
07-11 22:14:30.206  1350  1350 I SurfaceFlinger: [LayerHierarchy{RequestedLayerState{7ede09b SurfaceView[com.example.aniplex/com.aniplex.app.MainActivity]@0#22635 parentId=22634 relativeParentId=22615 z=-2} 2 children}] RelativeParent to LayerHierarchy{RequestedLayerState{com.example.aniplex/com.aniplex.app.MainActivity$_6685#22615 parentId=22614} 2 children}
07-11 22:14:30.206  1350  1350 I SurfaceFlinger: [LayerHierarchy{RequestedLayerState{Background for 7ede09b SurfaceView[com.example.aniplex/com.aniplex.app.MainActivity]@0#22637 parentId=22635 relativeParentId=22615 z=-2147483648} no children}] RelativeParent to LayerHierarchy{RequestedLayerState{com.example.aniplex/com.aniplex.app.MainActivity$_6685#22615 parentId=22614} 3 children}
07-11 22:14:30.213  1350  1350 D SurfaceFlinger:        DEVICE |           28711856373760 | 00002100 | RGBA_8888    |    0.0    0.0  720.0 1600.0 |    0    0  720 1600 | com.example.aniplex/com.aniplex.app.MainActivity$_6685#22615 (696)
07-11 22:14:30.485  1350  1350 D SurfaceFlinger:        DEVICE |           28711856373761 | 00002100 | RGBA_8888    |    0.0    0.0  720.0 1600.0 |    0    0  720 1600 | com.example.aniplex/com.aniplex.app.MainActivity$_6685#22615 (711)
07-11 22:14:30.542  1350  1350 I BufferQueueProducer: [com.example.aniplex/com.aniplex.app.MainActivity$_6685#22615](this:0xb400007c799aa218,id:-1,api:0,p:-1,c:1350) com.example.aniplex/com.aniplex.app.MainActivity$_6685#22615 queueBuffer: fps=32.80 dur=1006.00 max=319.40 min=15.18
07-11 22:14:31.546  1350  1350 I BufferQueueProducer: [com.example.aniplex/com.aniplex.app.MainActivity$_6685#22615](this:0xb400007c799aa218,id:-1,api:0,p:-1,c:1350) com.example.aniplex/com.aniplex.app.MainActivity$_6685#22615 queueBuffer: fps=62.75 dur=1003.98 max=16.61 min=14.05
07-11 22:14:32.512  1849  1865 W NotificationService: Toast already killed. pkg=com.example.aniplex token=android.os.BinderProxy@3abf160
07-11 22:14:32.554  1350  1350 I BufferQueueProducer: [com.example.aniplex/com.aniplex.app.MainActivity$_6685#22615](this:0xb400007c799aa218,id:-1,api:0,p:-1,c:1350) com.example.aniplex/com.aniplex.app.MainActivity$_6685#22615 queueBuffer: fps=62.55 dur=1007.14 max=17.63 min=15.15
07-11 22:14:33.052  1350  1350 D SurfaceFlinger:        DEVICE |           28711856373760 | 00002100 | RGBA_8888    |    0.0    0.0  720.0 1600.0 |    0    0  720 1600 | com.example.aniplex/com.aniplex.app.MainActivity$_6685#22615 (872)
07-11 22:14:33.556  1350  1350 I BufferQueueProducer: [com.example.aniplex/com.aniplex.app.MainActivity$_6685#22615](this:0xb400007c799aa218,id:-1,api:0,p:-1,c:1350) com.example.aniplex/com.aniplex.app.MainActivity$_6685#22615 queueBuffer: fps=62.83 dur=1002.74 max=17.71 min=14.01
07-11 22:14:33.803  6685  6685 D BLASTBufferQueue: [7ede09b SurfaceView[com.example.aniplex/com.aniplex.app.MainActivity]@0#1](f:0,a:0) destructor()
07-11 22:14:33.803  6685  6685 D BufferQueueConsumer: [7ede09b SurfaceView[com.example.aniplex/com.aniplex.app.MainActivity]@0#1(BLAST Consumer)1](id:1a1d00000001,api:0,p:-1,c:6685) disconnect
07-11 22:14:33.859  1350  1350 I SurfaceFlinger: [LayerHierarchy{RequestedLayerState{Background for 7ede09b SurfaceView[com.example.aniplex/com.aniplex.app.MainActivity]@0#22637 z=-2147483648} no children}] reparent to OffscreenRoot
07-11 22:14:33.859  1350  1350 I SurfaceFlinger: [LayerHierarchy{RequestedLayerState{Background for 7ede09b SurfaceView[com.example.aniplex/com.aniplex.app.MainActivity]@0#22637 z=-2147483648} no children}] RelativeParent to null
07-11 22:14:33.859  1350  1350 I SurfaceFlinger: [LayerHierarchy{RequestedLayerState{7ede09b SurfaceView[com.example.aniplex/com.aniplex.app.MainActivity]@0(BLAST)#22636} no children}] reparent to OffscreenRoot
07-11 22:14:33.859  1350  1350 I SurfaceFlinger: [LayerHierarchy{RequestedLayerState{7ede09b SurfaceView[com.example.aniplex/com.aniplex.app.MainActivity]@0(BLAST)#22636} no children}] RelativeParent to null
07-11 22:14:33.859  1350  1350 I SurfaceFlinger: [LayerHierarchy{RequestedLayerState{7ede09b SurfaceView[com.example.aniplex/com.aniplex.app.MainActivity]@0#22635 z=-2} no children}] reparent to OffscreenRoot
07-11 22:14:33.859  1350  1350 I SurfaceFlinger: [LayerHierarchy{RequestedLayerState{7ede09b SurfaceView[com.example.aniplex/com.aniplex.app.MainActivity]@0#22635 z=-2} no children}] RelativeParent to null
07-11 22:14:33.872  1350  1350 D SurfaceFlinger:        CLIENT |           28711856373762 | 00002100 | RGBA_8888    |    0.0    0.0  720.0 1600.0 |    0    0  720 1600 | com.example.aniplex/com.aniplex.app.MainActivity$_6685#22615 (918)
07-11 22:14:33.872  1350  3288 I SurfaceFlinger: onHandleDestroyed: layerId=22637, name=Background for 7ede09b SurfaceView[com.example.aniplex/com.aniplex.app.MainActivity]@0#22637
07-11 22:14:33.872  1350  1407 I SurfaceFlinger: onHandleDestroyed: layerId=22635, name=7ede09b SurfaceView[com.example.aniplex/com.aniplex.app.MainActivity]@0#22635
07-11 22:14:33.872  1350  1407 I SurfaceFlinger: id=22635 Removed 7ede09b SurfaceView[com.example.aniplex/com.aniplex.app.MainActivity]@0#22635 (207)
07-11 22:14:33.872  1350  1407 I SurfaceFlinger: onHandleDestroyed: layerId=22636, name=7ede09b SurfaceView[com.example.aniplex/com.aniplex.app.MainActivity]@0(BLAST)#22636
07-11 22:14:33.872  1350  1407 I SurfaceFlinger: id=22636 Removed 7ede09b SurfaceView[com.example.aniplex/com.aniplex.app.MainActivity]@0(BLAST)#22636 (207)
07-11 22:14:33.872  1350  3288 I SurfaceFlinger: id=22637 Removed Background for 7ede09b SurfaceView[com.example.aniplex/com.aniplex.app.MainActivity]@0#22637 (207)
07-11 22:14:33.875  1350  1350 I SurfaceFlinger: destroyed Background for 7ede09b SurfaceView[com.example.aniplex/com.aniplex.app.MainActivity]@0#22637
07-11 22:14:33.875  1350  1350 I SurfaceFlinger: destroyed 7ede09b SurfaceView[com.example.aniplex/com.aniplex.app.MainActivity]@0(BLAST)#22636
07-11 22:14:33.875  1350  1350 I SurfaceFlinger: destroyed 7ede09b SurfaceView[com.example.aniplex/com.aniplex.app.MainActivity]@0#22635
07-11 22:14:33.878  1350  1350 I Layer   : id=22637 Destroyed Background for 7ede09b SurfaceView[com.example.aniplex/com.aniplex.app.MainActivity]@0#22637
07-11 22:14:33.878  1350  1350 I Layer   : id=22636 Destroyed 7ede09b SurfaceView[com.example.aniplex/com.aniplex.app.MainActivity]@0(BLAST)#22636
07-11 22:14:33.878  1350  1350 I Layer   : id=22635 Destroyed 7ede09b SurfaceView[com.example.aniplex/com.aniplex.app.MainActivity]@0#22635
07-11 22:14:34.561  1350  1350 I BufferQueueProducer: [com.example.aniplex/com.aniplex.app.MainActivity$_6685#22615](this:0xb400007c799aa218,id:-1,api:0,p:-1,c:1350) com.example.aniplex/com.aniplex.app.MainActivity$_6685#22615 queueBuffer: fps=57.73 dur=1004.75 max=65.50 min=14.23
07-11 22:14:35.566  1350  1350 I BufferQueueProducer: [com.example.aniplex/com.aniplex.app.MainActivity$_6685#22615](this:0xb400007c799aa218,id:-1,api:0,p:-1,c:1350) com.example.aniplex/com.aniplex.app.MainActivity$_6685#22615 queueBuffer: fps=62.67 dur=1005.25 max=16.58 min=15.32
07-11 22:14:36.571  1350  1350 I BufferQueueProducer: [com.example.aniplex/com.aniplex.app.MainActivity$_6685#22615](this:0xb400007c799aa218,id:-1,api:0,p:-1,c:1350) com.example.aniplex/com.aniplex.app.MainActivity$_6685#22615 queueBuffer: fps=62.69 dur=1005.01 max=16.45 min=15.35
07-11 22:14:37.576  1350  1350 I BufferQueueProducer: [com.example.aniplex/com.aniplex.app.MainActivity$_6685#22615](this:0xb400007c799aa218,id:-1,api:0,p:-1,c:1350) com.example.aniplex/com.aniplex.app.MainActivity$_6685#22615 queueBuffer: fps=62.68 dur=1005.03 max=16.47 min=15.21
07-11 22:14:38.581  1350  1350 I BufferQueueProducer: [com.example.aniplex/com.aniplex.app.MainActivity$_6685#22615](this:0xb400007c799aa218,id:-1,api:0,p:-1,c:1350) com.example.aniplex/com.aniplex.app.MainActivity$_6685#22615 queueBuffer: fps=62.69 dur=1004.93 max=17.43 min=14.03
07-11 22:14:39.117  6685  7097 E FilePhenotypeFlags: Config package com.google.android.gms.clearcut_client#com.example.aniplex cannot use FILE backing without declarative registration. See go/phenotype-android-integration#phenotype for more information. This will lead to stale flags.
07-11 22:14:39.120  6685  7097 E FilePhenotypeFlags: Config package com.google.android.gms.clearcut_client#com.example.aniplex cannot use FILE backing without declarative registration. See go/phenotype-android-integration#phenotype for more information. This will lead to stale flags.
07-11 22:14:39.207  6685  7097 E FilePhenotypeFlags: Config package com.google.android.gms.clearcut_client#com.example.aniplex cannot use FILE backing without declarative registration. See go/phenotype-android-integration#phenotype for more information. This will lead to stale flags.
07-11 22:14:39.207  6685  7097 E FilePhenotypeFlags: Config package com.google.android.gms.clearcut_client#com.example.aniplex cannot use FILE backing without declarative registration. See go/phenotype-android-integration#phenotype for more information. This will lead to stale flags.
07-11 22:14:39.586  1350  1350 I BufferQueueProducer: [com.example.aniplex/com.aniplex.app.MainActivity$_6685#22615](this:0xb400007c799aa218,id:-1,api:0,p:-1,c:1350) com.example.aniplex/com.aniplex.app.MainActivity$_6685#22615 queueBuffer: fps=62.70 dur=1004.86 max=16.50 min=15.45
07-11 22:14:40.591  1350  1350 I BufferQueueProducer: [com.example.aniplex/com.aniplex.app.MainActivity$_6685#22615](this:0xb400007c799aa218,id:-1,api:0,p:-1,c:1350) com.example.aniplex/com.aniplex.app.MainActivity$_6685#22615 queueBuffer: fps=62.66 dur=1005.44 max=16.79 min=15.05
07-11 22:14:41.596  1350  1350 I BufferQueueProducer: [com.example.aniplex/com.aniplex.app.MainActivity$_6685#22615](this:0xb400007c799aa218,id:-1,api:0,p:-1,c:1350) com.example.aniplex/com.aniplex.app.MainActivity$_6685#22615 queueBuffer: fps=62.70 dur=1004.72 max=17.41 min=14.86
07-11 22:14:42.601  1350  1350 I BufferQueueProducer: [com.example.aniplex/com.aniplex.app.MainActivity$_6685#22615](this:0xb400007c799aa218,id:-1,api:0,p:-1,c:1350) com.example.aniplex/com.aniplex.app.MainActivity$_6685#22615 queueBuffer: fps=62.70 dur=1004.82 max=16.53 min=15.61
07-11 22:14:43.606  1350  1350 I BufferQueueProducer: [com.example.aniplex/com.aniplex.app.MainActivity$_6685#22615](this:0xb400007c799aa218,id:-1,api:0,p:-1,c:1350) com.example.aniplex/com.aniplex.app.MainActivity$_6685#22615 queueBuffer: fps=62.67 dur=1005.24 max=19.76 min=13.16
07-11 22:14:44.611  1350  1350 I BufferQueueProducer: [com.example.aniplex/com.aniplex.app.MainActivity$_6685#22615](this:0xb400007c799aa218,id:-1,api:0,p:-1,c:1350) com.example.aniplex/com.aniplex.app.MainActivity$_6685#22615 queueBuffer: fps=62.70 dur=1004.73 max=16.79 min=15.08
07-11 22:14:45.616  1350  1350 I BufferQueueProducer: [com.example.aniplex/com.aniplex.app.MainActivity$_6685#22615](this:0xb400007c799aa218,id:-1,api:0,p:-1,c:1350) com.example.aniplex/com.aniplex.app.MainActivity$_6685#22615 queueBuffer: fps=62.68 dur=1005.05 max=17.29 min=14.54
07-11 22:14:46.621  1350  1350 I BufferQueueProducer: [com.example.aniplex/com.aniplex.app.MainActivity$_6685#22615](this:0xb400007c799aa218,id:-1,api:0,p:-1,c:1350) com.example.aniplex/com.aniplex.app.MainActivity$_6685#22615 queueBuffer: fps=62.69 dur=1004.92 max=16.49 min=15.34
07-11 22:14:47.025  1849  1874 D WindowManager: requestTransientBars: swipeTarget=Window{b4cbbcd u0 NavigationBar0}, controlTarget=Window{c0cdeb3 u0 com.example.aniplex/com.aniplex.app.MainActivity}, canShowTransient=false, restorePositionTypes=0x3, from=com.android.server.wm.DisplayPolicy$1.onSwipeFromRight:81 com.android.server.wm.SystemGesturesPointerEventListener.onPointerEvent:553 
07-11 22:14:47.089  5881  5881 I SGPController: performSwipeAction() pos=RIGHT_POSITION, handleIndex=1, type=HORIZONTAL_SWIPE, action=key_back, pkg=com.example.aniplex
07-11 22:14:47.122  1350  1350 D SurfaceFlinger:        DEVICE |           28711856373763 | 00002100 | RGBA_8888    |    0.0    0.0  720.0 1600.0 |    0    0  720 1600 | com.example.aniplex/com.aniplex.app.MainActivity$_6685#22615 (1749)
07-11 22:14:47.155  1849  2044 D InputDispatcher: Waiting to send key to c0cdeb3 com.example.aniplex/com.aniplex.app.MainActivity because there are unprocessed events that may cause focus to change
07-11 22:14:47.408  1350  1350 D SurfaceFlinger:        DEVICE |           28711856373761 | 00002100 | RGBA_8888    |    0.0    0.0  720.0 1600.0 |    0    0  720 1600 | com.example.aniplex/com.aniplex.app.MainActivity$_6685#22615 (1751)
07-11 22:14:47.605  1849  2044 W InputDispatcher: Dispatching key to c0cdeb3 com.example.aniplex/com.aniplex.app.MainActivity even though there are other unprocessed events
07-11 22:14:47.712  6685  6685 D Activity: onKeyDown(KEYCODE_BACK), activity=com.aniplex.app.MainActivity@429e0e8
07-11 22:14:47.722  1350  1350 I BufferQueueProducer: [com.example.aniplex/com.aniplex.app.MainActivity$_6685#22615](this:0xb400007c799aa218,id:-1,api:0,p:-1,c:1350) com.example.aniplex/com.aniplex.app.MainActivity$_6685#22615 queueBuffer: fps=30.89 dur=1100.59 max=574.22 min=14.66
07-11 22:14:47.725  1849  3799 I MediaFocusControl: abandonAudioFocus() from uid/pid 10415/6685 clientId=android.media.AudioManager@880aedandroidx.media3.exoplayer.AudioFocusManager$AudioFocusListener@d8f0d22 callingPack=com.example.aniplex
07-11 22:14:47.793  1849  3799 D CoreBackPreview: Window{c0cdeb3 u0 com.example.aniplex/com.aniplex.app.MainActivity}: Setting back callback OnBackInvokedCallbackInfo{mCallback=android.window.IOnBackInvokedCallback$Stub$Proxy@fd727d6, mPriority=-1, mIsAnimationCallback=false, mOverrideBehavior=0}
07-11 22:14:47.843  6685  6693 I example.aniplex: Compiler allocated 7213KB to compile void com.aniplex.app.presentation.components.AnimeCardKt$AnimeCard$2.invoke(androidx.compose.foundation.layout.ColumnScope, androidx.compose.runtime.Composer, int)
07-11 22:14:48.231  1849  3886 D WindowManager: rotationForOrientation, orientationSource=ActivityRecord{116253412 u0 com.example.aniplex/com.aniplex.app.MainActivity t364}
